Archive member included to satisfy reference by file (symbol)

D:/arm-gnu-toolchain/arm-gnu-toolchain_/bin/../lib/gcc/arm-none-eabi/13.3.1/thumb/v7-m/nofp\libg_nano.a(libc_a-errno.o)
                              Object/System/syscalls.o (__errno)
D:/arm-gnu-toolchain/arm-gnu-toolchain_/bin/../lib/gcc/arm-none-eabi/13.3.1/thumb/v7-m/nofp\libg_nano.a(libc_a-init.o)
                              Object/startup/startup_stm32f103c8tx.o (__libc_init_array)
D:/arm-gnu-toolchain/arm-gnu-toolchain_/bin/../lib/gcc/arm-none-eabi/13.3.1/thumb/v7-m/nofp\libg_nano.a(libc_a-impure.o)
                              D:/arm-gnu-toolchain/arm-gnu-toolchain_/bin/../lib/gcc/arm-none-eabi/13.3.1/thumb/v7-m/nofp\libg_nano.a(libc_a-errno.o) (_impure_ptr)

There are no discarded input sections

Memory Configuration

Name             Origin             Length             Attributes
FLASH            0x08000000         0x00010000         xr
RAM              0x20000000         0x00005000         xrw
*default*        0x00000000         0xffffffff

Linker script and memory map

LOAD Object/App/main.o
LOAD Object/System/Board_Clock.o
LOAD Object/System/syscalls.o
LOAD Object/System/system_stm32f10x.o
LOAD Object/System/Testcase_Types.o
LOAD Object/Bsw/Mcal/Dio/src/Dio.o
LOAD Object/Bsw/Mcal/Gpt/src/Gpt.o
LOAD Object/Bsw/Mcal/Gpt/src/Gpt_Cfg.o
LOAD Object/Bsw/Mcal/Gpt/src/Gpt_Irq.o
LOAD Object/Bsw/Mcal/Gpt/src/Gpt_Mapping.o
LOAD Object/Bsw/Mcal/Port/src/Port.o
LOAD Object/Bsw/Mcal/Port/src/Port_Cfg.o
LOAD Object/Bsw/Mcal/Port/src/Port_Mapping.o
LOAD Object/Bsw/Mcal/Mcu/src/Mcu_Irq.o
LOAD Object/Bsw/Mcal/Spi/src/Spi.o
LOAD Object/Bsw/Mcal/Spi/src/Spi_Cfg.o
LOAD Object/Bsw/Mcal/Spi/src/Spi_Internal.o
LOAD Object/Bsw/Mcal/Spi/src/Spi_map.o
LOAD Object/Bsw/Services/Os/Os.o
LOAD Object/lib/SPL/src/misc.o
LOAD Object/lib/SPL/src/stm32f10x_adc.o
LOAD Object/lib/SPL/src/stm32f10x_can.o
LOAD Object/lib/SPL/src/stm32f10x_dma.o
LOAD Object/lib/SPL/src/stm32f10x_exti.o
LOAD Object/lib/SPL/src/stm32f10x_flash.o
LOAD Object/lib/SPL/src/stm32f10x_gpio.o
LOAD Object/lib/SPL/src/stm32f10x_i2c.o
LOAD Object/lib/SPL/src/stm32f10x_pwr.o
LOAD Object/lib/SPL/src/stm32f10x_rcc.o
LOAD Object/lib/SPL/src/stm32f10x_sdio.o
LOAD Object/lib/SPL/src/stm32f10x_spi.o
LOAD Object/lib/SPL/src/stm32f10x_tim.o
LOAD Object/lib/SPL/src/stm32f10x_usart.o
LOAD Object/startup/startup_stm32f103c8tx.o
START GROUP
LOAD D:/arm-gnu-toolchain/arm-gnu-toolchain_/bin/../lib/gcc/arm-none-eabi/13.3.1/thumb/v7-m/nofp\libgcc.a
LOAD D:/arm-gnu-toolchain/arm-gnu-toolchain_/bin/../lib/gcc/arm-none-eabi/13.3.1/thumb/v7-m/nofp\libg_nano.a
LOAD D:/arm-gnu-toolchain/arm-gnu-toolchain_/bin/../lib/gcc/arm-none-eabi/13.3.1/thumb/v7-m/nofp\libc_nano.a
END GROUP
START GROUP
LOAD D:/arm-gnu-toolchain/arm-gnu-toolchain_/bin/../lib/gcc/arm-none-eabi/13.3.1/thumb/v7-m/nofp\libgcc.a
LOAD D:/arm-gnu-toolchain/arm-gnu-toolchain_/bin/../lib/gcc/arm-none-eabi/13.3.1/thumb/v7-m/nofp\libc_nano.a
END GROUP

.text           0x08000000     0x8fd0
 *(.isr_vector)
 .isr_vector    0x08000000      0x10c Object/startup/startup_stm32f103c8tx.o
                0x08000000                g_pfnVectors
 *(.text*)
 .text          0x0800010c      0x118 Object/App/main.o
                0x0800010c                main
 .text          0x08000224       0x2c Object/System/Board_Clock.o
                0x08000224                Board_Clock_Init
                0x08000230                Board_PeripheralsClock_Init
 .text          0x08000250      0x140 Object/System/syscalls.o
                0x08000250                _sbrk
                0x0800028c                _open
                0x080002ae                _close
                0x080002c4                _fstat
                0x080002e2                _lseek
                0x080002fa                _read
                0x08000312                _write
                0x0800032a                _isatty
                0x0800033e                _exit
                0x0800034a                _getpid
                0x08000358                _kill
                0x08000378                _init
                0x08000384                _fini
 .text          0x08000390      0x258 Object/System/system_stm32f10x.o
                0x08000390                SystemInit
                0x080003f8                SystemCoreClockUpdate
 .text          0x080005e8      0x148 Object/System/Testcase_Types.o
                0x080005e8                TestCaseTotalCount
                0x0800063c                TC_TableInitParam
 .text          0x08000730      0x214 Object/Bsw/Mcal/Dio/src/Dio.o
                0x08000778                Dio_ReadChannel
                0x080007be                Dio_WriteChannel
                0x0800080e                Dio_ReadPort
                0x08000836                Dio_WritePort
                0x08000862                Dio_ReadChannelGroup
                0x0800088a                Dio_WriteChannelGroup
                0x080008e8                Dio_FlipChannel
 .text          0x08000944      0x1a8 Object/Bsw/Mcal/Gpt/src/Gpt.o
                0x08000944                Gpt_Init
                0x08000a4c                Gpt_StartTimer
                0x08000a90                Gpt_StopTimer
                0x08000abc                Gpt_GetTimeElapsed
 .text          0x08000aec       0x18 Object/Bsw/Mcal/Gpt/src/Gpt_Cfg.o
 .text          0x08000b04       0xcc Object/Bsw/Mcal/Gpt/src/Gpt_Irq.o
                0x08000b04                Gpt_RegisterNotification
                0x08000b3c                Gpt_SetNotificationEnable
                0x08000b84                TIM2_IRQHandler
 .text          0x08000bd0       0xf0 Object/Bsw/Mcal/Gpt/src/Gpt_Mapping.o
                0x08000bd0                GetTimerGroup
                0x08000c10                GetCounterMode
                0x08000c3a                GetClockDivider
                0x08000c74                Gpt_MapToHardwareItFlag
 .text          0x08000cc0       0x94 Object/Bsw/Mcal/Port/src/Port.o
                0x08000cc0                Port_Init
 .text          0x08000d54        0x0 Object/Bsw/Mcal/Port/src/Port_Cfg.o
 .text          0x08000d54       0xf0 Object/Bsw/Mcal/Port/src/Port_Mapping.o
                0x08000d54                GetPortGroup
                0x08000da8                Port_GetPinMode
                0x08000e0c                Port_GetPinSpeed
 .text          0x08000e44       0x84 Object/Bsw/Mcal/Mcu/src/Mcu_Irq.o
                0x08000e44                Mcu_IrqInit
 .text          0x08000ec8      0x530 Object/Bsw/Mcal/Spi/src/Spi.o
                0x08000ec8                Spi_Init
                0x08000fec                Spi_GetStatus
                0x08001030                Spi_SetupEB
                0x080010a4                Spi_SyncTransmit
                0x080011dc                Spi_AsyncTransmit
                0x080011fc                Spi_ReadIB
                0x0800121e                Spi_WriteIB
 .text          0x080013f8        0x0 Object/Bsw/Mcal/Spi/src/Spi_Cfg.o
 .text          0x080013f8        0x0 Object/Bsw/Mcal/Spi/src/Spi_Internal.o
 .text          0x080013f8      0x1f0 Object/Bsw/Mcal/Spi/src/Spi_map.o
                0x080013f8                Spi_Map_GetMode
                0x08001426                Spi_Map_GetNss
                0x08001452                Spi_Map_GetDir
                0x0800149a                Spi_Map_GetBaudRate
                0x080014fc                Spi_Map_GetDataSize
                0x08001528                Spi_Map_GetCpol
                0x08001552                Spi_Map_GetCpha
                0x0800157c                Spi_Map_GetFirstBit
                0x080015a6                Spi_Map_GetHwInstance
 .text          0x080015e8       0xf8 Object/Bsw/Services/Os/Os.o
                0x080015e8                Os_Init
                0x080015f4                Os_Run
                0x0800167e                Os_DelayMs
 .text          0x080016e0      0x18c Object/lib/SPL/src/misc.o
                0x080016e0                NVIC_PriorityGroupConfig
                0x08001704                NVIC_Init
                0x080017c8                NVIC_SetVectorTable
                0x080017f4                NVIC_SystemLPConfig
                0x08001834                SysTick_CLKSourceConfig
 .text          0x0800186c      0xa00 Object/lib/SPL/src/stm32f10x_adc.o
                0x0800186c                ADC_DeInit
                0x080018e0                ADC_Init
                0x08001984                ADC_StructInit
                0x080019ba                ADC_Cmd
                0x080019f0                ADC_DMACmd
                0x08001a26                ADC_ITConfig
                0x08001a6a                ADC_ResetCalibration
                0x08001a88                ADC_GetResetCalibrationStatus
                0x08001ab6                ADC_StartCalibration
                0x08001ad4                ADC_GetCalibrationStatus
                0x08001b02                ADC_SoftwareStartConvCmd
                0x08001b38                ADC_GetSoftwareStartConvStatus
                0x08001b66                ADC_DiscModeChannelCountConfig
                0x08001ba8                ADC_DiscModeCmd
                0x08001bde                ADC_RegularChannelConfig
                0x08001d70                ADC_ExternalTrigConvCmd
                0x08001da6                ADC_GetConversionValue
                0x08001dbe                ADC_GetDualModeConversionValue
                0x08001dd4                ADC_AutoInjectedConvCmd
                0x08001e0a                ADC_InjectedDiscModeCmd
                0x08001e40                ADC_ExternalTrigInjectedConvConfig
                0x08001e74                ADC_ExternalTrigInjectedConvCmd
                0x08001eaa                ADC_SoftwareStartInjectedConvCmd
                0x08001ee0                ADC_GetSoftwareStartInjectedConvCmdStatus
                0x08001f0e                ADC_InjectedChannelConfig
                0x0800202e                ADC_InjectedSequencerLengthConfig
                0x08002070                ADC_SetInjectedOffset
                0x080020a2                ADC_GetInjectedConversionValue
                0x080020d0                ADC_AnalogWatchdogCmd
                0x08002108                ADC_AnalogWatchdogThresholdsConfig
                0x0800212e                ADC_AnalogWatchdogSingleChannelConfig
                0x08002164                ADC_TempSensorVrefintCmd
                0x0800219c                ADC_GetFlagStatus
                0x080021ce                ADC_ClearFlag
                0x080021ec                ADC_GetITStatus
                0x08002240                ADC_ClearITPendingBit
 .text          0x0800226c     0x1188 Object/lib/SPL/src/stm32f10x_can.o
                0x0800226c                CAN_DeInit
                0x080022b4                CAN_Init
                0x08002454                CAN_FilterInit
                0x080025d8                CAN_StructInit
                0x0800262c                CAN_SlaveStartBank
                0x0800268c                CAN_DBGFreeze
                0x080026c2                CAN_TTComModeCmd
                0x08002758                CAN_Transmit
                0x080028f8                CAN_TransmitStatus
                0x080029fc                CAN_CancelTransmit
                0x08002a52                CAN_Receive
                0x08002bcc                CAN_FIFORelease
                0x08002c02                CAN_MessagePending
                0x08002c4a                CAN_OperatingModeRequest
                0x08002d44                CAN_Sleep
                0x08002d7c                CAN_WakeUp
                0x08002dd0                CAN_GetLastErrorCode
                0x08002df4                CAN_GetReceiveErrorCounter
                0x08002e14                CAN_GetLSBTransmitErrorCounter
                0x08002e34                CAN_ITConfig
                0x08002e6e                CAN_GetFlagStatus
                0x08002f3a                CAN_ClearFlag
                0x08002fac                CAN_GetITStatus
                0x08003210                CAN_ClearITPendingBit
 .text          0x080033f4      0x3f8 Object/lib/SPL/src/stm32f10x_dma.o
                0x080033f4                DMA_DeInit
                0x0800356c                DMA_Init
                0x080035e8                DMA_StructInit
                0x0800363c                DMA_Cmd
                0x08003674                DMA_ITConfig
                0x080036ae                DMA_SetCurrDataCounter
                0x080036ca                DMA_GetCurrDataCounter
                0x080036e2                DMA_GetFlagStatus
                0x08003734                DMA_ClearFlag
                0x08003768                DMA_GetITStatus
                0x080037b8                DMA_ClearITPendingBit
 .text          0x080037ec      0x218 Object/lib/SPL/src/stm32f10x_exti.o
                0x080037ec                EXTI_DeInit
                0x08003820                EXTI_Init
                0x08003904                EXTI_StructInit
                0x0800392e                EXTI_GenerateSWInterrupt
                0x08003950                EXTI_GetFlagStatus
                0x08003984                EXTI_ClearFlag
                0x080039a0                EXTI_GetITStatus
                0x080039e8                EXTI_ClearITPendingBit
 .text          0x08003a04      0x954 Object/lib/SPL/src/stm32f10x_flash.o
                0x08003a04                FLASH_SetLatency
                0x08003a3c                FLASH_HalfCycleAccessCmd
                0x08003a6c                FLASH_PrefetchBufferCmd
                0x08003a9c                FLASH_Unlock
                0x08003ac0                FLASH_UnlockBank1
                0x08003ae4                FLASH_Lock
                0x08003b00                FLASH_LockBank1
                0x08003b1c                FLASH_ErasePage
                0x08003b80                FLASH_EraseAllPages
                0x08003bdc                FLASH_EraseAllBank1Pages
                0x08003c38                FLASH_EraseOptionBytes
                0x08003d0c                FLASH_ProgramWord
                0x08003da0                FLASH_ProgramHalfWord
                0x08003dfc                FLASH_ProgramOptionByteData
                0x08003e74                FLASH_EnableWriteProtection
                0x08003f8c                FLASH_ReadOutProtection
                0x08004060                FLASH_UserOptionByteConfig
                0x080040f4                FLASH_GetUserOptionByte
                0x0800410c                FLASH_GetWriteProtectionOptionByte
                0x08004120                FLASH_GetReadOutProtectionStatus
                0x08004150                FLASH_GetPrefetchBufferStatus
                0x08004180                FLASH_ITConfig
                0x080041bc                FLASH_GetFlagStatus
                0x0800420c                FLASH_ClearFlag
                0x08004228                FLASH_GetStatus
                0x0800427c                FLASH_GetBank1Status
                0x080042d0                FLASH_WaitForLastOperation
                0x08004314                FLASH_WaitForLastBank1Operation
 .text          0x08004358      0x5d8 Object/lib/SPL/src/stm32f10x_gpio.o
                0x08004358                GPIO_DeInit
                0x0800443c                GPIO_AFIODeInit
                0x08004454                GPIO_Init
                0x080045cc                GPIO_StructInit
                0x080045f2                GPIO_ReadInputDataBit
                0x08004624                GPIO_ReadInputData
                0x0800463c                GPIO_ReadOutputDataBit
                0x0800466e                GPIO_ReadOutputData
                0x08004686                GPIO_SetBits
                0x080046a2                GPIO_ResetBits
                0x080046be                GPIO_WriteBit
                0x080046ec                GPIO_Write
                0x08004708                GPIO_PinLockConfig
                0x0800474a                GPIO_EventOutputConfig
                0x08004794                GPIO_EventOutputCmd
                0x080047b4                GPIO_PinRemapConfig
                0x08004894                GPIO_EXTILineConfig
                0x08004914                GPIO_ETH_MediaInterfaceConfig
 .text          0x08004930      0x92c Object/lib/SPL/src/stm32f10x_i2c.o
                0x08004930                I2C_DeInit
                0x08004978                I2C_Init
                0x08004afc                I2C_StructInit
                0x08004b38                I2C_Cmd
                0x08004b76                I2C_DMACmd
                0x08004bb4                I2C_DMALastTransferCmd
                0x08004bf2                I2C_GenerateSTART
                0x08004c30                I2C_GenerateSTOP
                0x08004c6e                I2C_AcknowledgeConfig
                0x08004cac                I2C_OwnAddress2Config
                0x08004cee                I2C_DualAddressCmd
                0x08004d2c                I2C_GeneralCallCmd
                0x08004d6a                I2C_ITConfig
                0x08004db0                I2C_SendData
                0x08004dce                I2C_ReceiveData
                0x08004de8                I2C_Send7bitAddress
                0x08004e22                I2C_ReadRegister
                0x08004e4e                I2C_SoftwareResetCmd
                0x08004e90                I2C_NACKPositionConfig
                0x08004ed0                I2C_SMBusAlertConfig
                0x08004f10                I2C_TransmitPEC
                0x08004f4e                I2C_PECPositionConfig
                0x08004f8e                I2C_CalculatePEC
                0x08004fcc                I2C_GetPEC
                0x08004fea                I2C_ARPCmd
                0x08005028                I2C_StretchClockCmd
                0x08005066                I2C_FastModeDutyCycleConfig
                0x080050a6                I2C_CheckEvent
                0x08005104                I2C_GetLastEvent
                0x08005146                I2C_GetFlagStatus
                0x080051aa                I2C_ClearFlag
                0x080051d6                I2C_GetITStatus
                0x0800522e                I2C_ClearITPendingBit
 .text          0x0800525c      0x1a0 Object/lib/SPL/src/stm32f10x_pwr.o
                0x0800525c                PWR_DeInit
                0x08005278                PWR_BackupAccessCmd
                0x08005298                PWR_PVDCmd
                0x080052b8                PWR_PVDLevelConfig
                0x080052f0                PWR_WakeUpPinCmd
                0x08005310                PWR_EnterSTOPMode
                0x08005374                PWR_EnterSTANDBYMode
                0x080053a4                PWR_GetFlagStatus
                0x080053d8                PWR_ClearFlag
 .text          0x080053fc      0x7dc Object/lib/SPL/src/stm32f10x_rcc.o
                0x080053fc                RCC_DeInit
                0x08005458                RCC_HSEConfig
                0x080054b4                RCC_WaitForHSEStartUp
                0x08005504                RCC_AdjustHSICalibrationValue
                0x08005540                RCC_HSICmd
                0x08005560                RCC_PLLConfig
                0x0800559c                RCC_PLLCmd
                0x080055bc                RCC_SYSCLKConfig
                0x080055f4                RCC_GetSYSCLKSource
                0x08005610                RCC_HCLKConfig
                0x08005648                RCC_PCLK1Config
                0x08005680                RCC_PCLK2Config
                0x080056b8                RCC_ITConfig
                0x08005704                RCC_USBCLKConfig
                0x08005720                RCC_ADCCLKConfig
                0x08005758                RCC_LSEConfig
                0x08005798                RCC_LSICmd
                0x080057b8                RCC_RTCCLKConfig
                0x080057dc                RCC_RTCCLKCmd
                0x080057fc                RCC_GetClocksFreq
                0x08005968                RCC_AHBPeriphClockCmd
                0x080059a4                RCC_APB2PeriphClockCmd
                0x080059e0                RCC_APB1PeriphClockCmd
                0x08005a1c                RCC_APB2PeriphResetCmd
                0x08005a58                RCC_APB1PeriphResetCmd
                0x08005a94                RCC_BackupResetCmd
                0x08005ab4                RCC_ClockSecuritySystemCmd
                0x08005ad4                RCC_MCOConfig
                0x08005af4                RCC_GetFlagStatus
                0x08005b68                RCC_ClearFlag
                0x08005b84                RCC_GetITStatus
                0x08005bb8                RCC_ClearITPendingBit
 .text          0x08005bd8      0x4f0 Object/lib/SPL/src/stm32f10x_sdio.o
                0x08005bd8                SDIO_DeInit
                0x08005c24                SDIO_Init
                0x08005c80                SDIO_StructInit
                0x08005cb6                SDIO_ClockCmd
                0x08005cd4                SDIO_SetPowerState
                0x08005cf0                SDIO_GetPowerState
                0x08005d08                SDIO_ITConfig
                0x08005d44                SDIO_DMACmd
                0x08005d64                SDIO_SendCommand
                0x08005dbc                SDIO_CmdStructInit
                0x08005dec                SDIO_GetCommandResponse
                0x08005e04                SDIO_GetResponse
                0x08005e2c                SDIO_DataConfig
                0x08005e88                SDIO_DataStructInit
                0x08005ec0                SDIO_GetDataCounter
                0x08005ed4                SDIO_ReadData
                0x08005eec                SDIO_WriteData
                0x08005f0c                SDIO_GetFIFOCount
                0x08005f20                SDIO_StartSDIOReadWait
                0x08005f40                SDIO_StopSDIOReadWait
                0x08005f60                SDIO_SetSDIOReadWaitMode
                0x08005f7c                SDIO_SetSDIOOperation
                0x08005f9c                SDIO_SendSDIOSuspendCmd
                0x08005fbc                SDIO_CommandCompletionCmd
                0x08005fdc                SDIO_CEATAITCmd
                0x08006008                SDIO_SendCEATACmd
                0x08006028                SDIO_GetFlagStatus
                0x0800605c                SDIO_ClearFlag
                0x08006078                SDIO_GetITStatus
                0x080060ac                SDIO_ClearITPendingBit
 .text          0x080060c8      0x6d0 Object/lib/SPL/src/stm32f10x_spi.o
                0x080060c8                SPI_I2S_DeInit
                0x0800613c                SPI_Init
                0x080061c2                I2S_Init
                0x08006328                SPI_StructInit
                0x08006370                I2S_StructInit
                0x080063a6                SPI_Cmd
                0x080063e4                I2S_Cmd
                0x08006422                SPI_I2S_ITConfig
                0x08006482                SPI_I2S_DMACmd
                0x080064c8                SPI_I2S_SendData
                0x080064e4                SPI_I2S_ReceiveData
                0x080064fc                SPI_NSSInternalSoftwareConfig
                0x0800653e                SPI_SSOutputCmd
                0x0800657c                SPI_DataSizeConfig
                0x080065b2                SPI_TransmitCRC
                0x080065d4                SPI_CalculateCRC
                0x08006612                SPI_GetCRC
                0x08006642                SPI_GetCRCPolynomial
                0x0800665a                SPI_BiDirectionalLineConfig
                0x0800669a                SPI_I2S_GetFlagStatus
                0x080066d0                SPI_I2S_ClearFlag
                0x080066f0                SPI_I2S_GetITStatus
                0x08006764                SPI_I2S_ClearITPendingBit
 .text          0x08006798     0x1d94 Object/lib/SPL/src/stm32f10x_tim.o
                0x08006798                TIM_DeInit
                0x080069c4                TIM_TimeBaseInit
                0x08006abc                TIM_OC1Init
                0x08006bd4                TIM_OC2Init
                0x08006ce4                TIM_OC3Init
                0x08006df0                TIM_OC4Init
                0x08006ec0                TIM_ICInit
                0x08006f68                TIM_PWMIConfig
                0x08007020                TIM_BDTRConfig
                0x0800706e                TIM_TimeBaseStructInit
                0x080070a0                TIM_OCStructInit
                0x080070e2                TIM_ICStructInit
                0x08007112                TIM_BDTRStructInit
                0x0800714e                TIM_Cmd
                0x0800718c                TIM_CtrlPWMOutputs
                0x080071d6                TIM_ITConfig
                0x0800721c                TIM_GenerateEvent
                0x08007238                TIM_DMAConfig
                0x08007260                TIM_DMACmd
                0x080072a6                TIM_InternalClockConfig
                0x080072c8                TIM_ITRxExternalClockConfig
                0x080072f6                TIM_TIxExternalClockConfig
                0x08007352                TIM_ETRClockMode1Config
                0x080073b0                TIM_ETRClockMode2Config
                0x080073ee                TIM_ETRConfig
                0x08007440                TIM_PrescalerConfig
                0x08007466                TIM_CounterModeConfig
                0x0800749c                TIM_SelectInputTrigger
                0x080074d2                TIM_EncoderInterfaceConfig
                0x08007568                TIM_ForcedOC1Config
                0x0800759e                TIM_ForcedOC2Config
                0x080075d8                TIM_ForcedOC3Config
                0x0800760e                TIM_ForcedOC4Config
                0x08007648                TIM_ARRPreloadConfig
                0x08007686                TIM_SelectCOM
                0x080076c4                TIM_SelectCCDMA
                0x08007702                TIM_CCPreloadControl
                0x08007740                TIM_OC1PreloadConfig
                0x08007776                TIM_OC2PreloadConfig
                0x080077b0                TIM_OC3PreloadConfig
                0x080077e6                TIM_OC4PreloadConfig
                0x08007820                TIM_OC1FastConfig
                0x08007856                TIM_OC2FastConfig
                0x08007890                TIM_OC3FastConfig
                0x080078c6                TIM_OC4FastConfig
                0x08007900                TIM_ClearOC1Ref
                0x08007936                TIM_ClearOC2Ref
                0x08007970                TIM_ClearOC3Ref
                0x080079a6                TIM_ClearOC4Ref
                0x080079e0                TIM_OC1PolarityConfig
                0x08007a16                TIM_OC1NPolarityConfig
                0x08007a4c                TIM_OC2PolarityConfig
                0x08007a86                TIM_OC2NPolarityConfig
                0x08007ac0                TIM_OC3PolarityConfig
                0x08007afa                TIM_OC3NPolarityConfig
                0x08007b34                TIM_OC4PolarityConfig
                0x08007b6e                TIM_CCxCmd
                0x08007bc2                TIM_CCxNCmd
                0x08007c16                TIM_SelectOCxM
                0x08007cc6                TIM_UpdateDisableConfig
                0x08007d04                TIM_UpdateRequestConfig
                0x08007d42                TIM_SelectHallSensor
                0x08007d80                TIM_SelectOnePulseMode
                0x08007db6                TIM_SelectOutputTrigger
                0x08007dec                TIM_SelectSlaveMode
                0x08007e22                TIM_SelectMasterSlaveMode
                0x08007e58                TIM_SetCounter
                0x08007e74                TIM_SetAutoreload
                0x08007e90                TIM_SetCompare1
                0x08007eac                TIM_SetCompare2
                0x08007ec8                TIM_SetCompare3
                0x08007ee4                TIM_SetCompare4
                0x08007f02                TIM_SetIC1Prescaler
                0x08007f38                TIM_SetIC2Prescaler
                0x08007f72                TIM_SetIC3Prescaler
                0x08007fa8                TIM_SetIC4Prescaler
                0x08007fe2                TIM_SetClockDivision
                0x08008018                TIM_GetCapture1
                0x08008030                TIM_GetCapture2
                0x08008048                TIM_GetCapture3
                0x08008060                TIM_GetCapture4
                0x0800807a                TIM_GetCounter
                0x08008092                TIM_GetPrescaler
                0x080080aa                TIM_GetFlagStatus
                0x080080e0                TIM_ClearFlag
                0x08008100                TIM_GetITStatus
                0x08008152                TIM_ClearITPendingBit
 .text          0x0800852c      0x8dc Object/lib/SPL/src/stm32f10x_usart.o
                0x0800852c                USART_DeInit
                0x080085e4                USART_Init
                0x08008758                USART_StructInit
                0x08008790                USART_ClockInit
                0x080087e6                USART_ClockStructInit
                0x08008810                USART_Cmd
                0x0800884e                USART_ITConfig
                0x080088dc                USART_DMACmd
                0x08008922                USART_SetAddress
                0x0800895a                USART_WakeUpConfig
                0x08008990                USART_ReceiverWakeUpCmd
                0x080089ce                USART_LINBreakDetectLengthConfig
                0x08008a04                USART_LINCmd
                0x08008a42                USART_SendData
                0x08008a64                USART_ReceiveData
                0x08008a82                USART_SendBreak
                0x08008aa4                USART_SetGuardTime
                0x08008ade                USART_SetPrescaler
                0x08008b16                USART_SmartCardCmd
                0x08008b54                USART_SmartCardNACKCmd
                0x08008b92                USART_HalfDuplexCmd
                0x08008bd0                USART_OverSampling8Cmd
                0x08008c12                USART_OneBitMethodCmd
                0x08008c50                USART_IrDAConfig
                0x08008c86                USART_IrDACmd
                0x08008cc4                USART_GetFlagStatus
                0x08008cfa                USART_ClearFlag
                0x08008d1a                USART_GetITStatus
                0x08008dce                USART_ClearITPendingBit
 .text          0x08008e08       0x14 Object/startup/startup_stm32f103c8tx.o
 .text.Reset_Handler
                0x08008e1c       0x48 Object/startup/startup_stm32f103c8tx.o
                0x08008e1c                Reset_Handler
 .text.Default_Handler
                0x08008e64        0x2 Object/startup/startup_stm32f103c8tx.o
                0x08008e64                RTC_Alarm_IRQHandler
                0x08008e64                EXTI2_IRQHandler
                0x08008e64                DebugMon_Handler
                0x08008e64                TIM1_CC_IRQHandler
                0x08008e64                HardFault_Handler
                0x08008e64                SysTick_Handler
                0x08008e64                PVD_IRQHandler
                0x08008e64                PendSV_Handler
                0x08008e64                NMI_Handler
                0x08008e64                EXTI3_IRQHandler
                0x08008e64                EXTI0_IRQHandler
                0x08008e64                I2C2_EV_IRQHandler
                0x08008e64                UsageFault_Handler
                0x08008e64                ADC1_2_IRQHandler
                0x08008e64                SPI1_IRQHandler
                0x08008e64                TAMPER_IRQHandler
                0x08008e64                DMA1_Channel4_IRQHandler
                0x08008e64                USART3_IRQHandler
                0x08008e64                RTC_IRQHandler
                0x08008e64                DMA1_Channel7_IRQHandler
                0x08008e64                CAN1_RX1_IRQHandler
                0x08008e64                TIM4_IRQHandler
                0x08008e64                I2C1_EV_IRQHandler
                0x08008e64                DMA1_Channel6_IRQHandler
                0x08008e64                TIM3_IRQHandler
                0x08008e64                RCC_IRQHandler
                0x08008e64                TIM1_TRG_COM_IRQHandler
                0x08008e64                DMA1_Channel1_IRQHandler
                0x08008e64                Default_Handler
                0x08008e64                EXTI15_10_IRQHandler
                0x08008e64                EXTI9_5_IRQHandler
                0x08008e64                SPI2_IRQHandler
                0x08008e64                MemManage_Handler
                0x08008e64                SVC_Handler
                0x08008e64                DMA1_Channel5_IRQHandler
                0x08008e64                EXTI4_IRQHandler
                0x08008e64                USB_LP_CAN1_RX0_IRQHandler
                0x08008e64                USB_HP_CAN1_TX_IRQHandler
                0x08008e64                DMA1_Channel3_IRQHandler
                0x08008e64                TIM1_UP_IRQHandler
                0x08008e64                WWDG_IRQHandler
                0x08008e64                TIM1_BRK_IRQHandler
                0x08008e64                EXTI1_IRQHandler
                0x08008e64                USART2_IRQHandler
                0x08008e64                I2C2_ER_IRQHandler
                0x08008e64                DMA1_Channel2_IRQHandler
                0x08008e64                CAN1_SCE_IRQHandler
                0x08008e64                FLASH_IRQHandler
                0x08008e64                BusFault_Handler
                0x08008e64                USART1_IRQHandler
                0x08008e64                I2C1_ER_IRQHandler
                0x08008e64                USBWakeUp_IRQHandler
 .text          0x08008e66        0x0 D:/arm-gnu-toolchain/arm-gnu-toolchain_/bin/../lib/gcc/arm-none-eabi/13.3.1/thumb/v7-m/nofp\libg_nano.a(libc_a-errno.o)
 *fill*         0x08008e66        0x2 
 .text.__errno  0x08008e68        0xc D:/arm-gnu-toolchain/arm-gnu-toolchain_/bin/../lib/gcc/arm-none-eabi/13.3.1/thumb/v7-m/nofp\libg_nano.a(libc_a-errno.o)
                0x08008e68                __errno
 .text          0x08008e74        0x0 D:/arm-gnu-toolchain/arm-gnu-toolchain_/bin/../lib/gcc/arm-none-eabi/13.3.1/thumb/v7-m/nofp\libg_nano.a(libc_a-init.o)
 .text.__libc_init_array
                0x08008e74       0x48 D:/arm-gnu-toolchain/arm-gnu-toolchain_/bin/../lib/gcc/arm-none-eabi/13.3.1/thumb/v7-m/nofp\libg_nano.a(libc_a-init.o)
                0x08008e74                __libc_init_array
 .text          0x08008ebc        0x0 D:/arm-gnu-toolchain/arm-gnu-toolchain_/bin/../lib/gcc/arm-none-eabi/13.3.1/thumb/v7-m/nofp\libg_nano.a(libc_a-impure.o)
 *(.rodata*)
 .rodata        0x08008ebc       0x10 Object/System/system_stm32f10x.o
                0x08008ebc                AHBPrescTable
 .rodata        0x08008ecc       0x1c Object/System/Testcase_Types.o
 .rodata        0x08008ee8       0x3c Object/Bsw/Mcal/Gpt/src/Gpt_Cfg.o
                0x08008f1c                Gpt_Config
 .rodata        0x08008f24       0x14 Object/Bsw/Mcal/Port/src/Port_Cfg.o
                0x08008f30                Port_Config
 .rodata        0x08008f38        0x5 Object/Bsw/Mcal/Mcu/src/Mcu_Irq.o
 *fill*         0x08008f3d        0x3 
 .rodata        0x08008f40       0x7a Object/Bsw/Mcal/Spi/src/Spi_Cfg.o
                0x08008f40                Spi_ConfigSet
                0x08008f90                Spi_Jobs
                0x08008fb0                Spi_Sequences
 *fill*         0x08008fba        0x2 
 .rodata        0x08008fbc       0x14 Object/lib/SPL/src/stm32f10x_rcc.o
 *(.eh_frame)
 *(.ARM.exidx*)
 *(.init)
 *(.fini)

.glue_7         0x08008fd0        0x0
 .glue_7        0x08008fd0        0x0 linker stubs

.glue_7t        0x08008fd0        0x0
 .glue_7t       0x08008fd0        0x0 linker stubs

.vfp11_veneer   0x08008fd0        0x0
 .vfp11_veneer  0x08008fd0        0x0 linker stubs

.v4_bx          0x08008fd0        0x0
 .v4_bx         0x08008fd0        0x0 linker stubs

.iplt           0x08008fd0        0x0
 .iplt          0x08008fd0        0x0 Object/App/main.o

.rel.dyn        0x08008fd0        0x0
 .rel.iplt      0x08008fd0        0x0 Object/App/main.o

.data           0x20000000       0x70 load address 0x08008fd0
                0x20000000                        _sdata = .
 *(.data*)
 .data          0x20000000        0x1 Object/App/main.o
                0x20000000                ty
 .data          0x20000001        0x0 Object/System/Board_Clock.o
 .data          0x20000001        0x0 Object/System/syscalls.o
 *fill*         0x20000001        0x3 
 .data          0x20000004        0x4 Object/System/system_stm32f10x.o
                0x20000004                SystemCoreClock
 .data          0x20000008       0x18 Object/System/Testcase_Types.o
 .data          0x20000020        0x0 Object/Bsw/Mcal/Dio/src/Dio.o
 .data          0x20000020        0x0 Object/Bsw/Mcal/Gpt/src/Gpt.o
 .data          0x20000020        0x0 Object/Bsw/Mcal/Gpt/src/Gpt_Cfg.o
 .data          0x20000020        0x0 Object/Bsw/Mcal/Gpt/src/Gpt_Irq.o
 .data          0x20000020        0x0 Object/Bsw/Mcal/Gpt/src/Gpt_Mapping.o
 .data          0x20000020        0x0 Object/Bsw/Mcal/Port/src/Port.o
 .data          0x20000020        0x0 Object/Bsw/Mcal/Port/src/Port_Cfg.o
 .data          0x20000020        0x0 Object/Bsw/Mcal/Port/src/Port_Mapping.o
 .data          0x20000020        0x0 Object/Bsw/Mcal/Mcu/src/Mcu_Irq.o
 .data          0x20000020        0x0 Object/Bsw/Mcal/Spi/src/Spi.o
 .data          0x20000020        0x0 Object/Bsw/Mcal/Spi/src/Spi_Cfg.o
 .data          0x20000020        0x0 Object/Bsw/Mcal/Spi/src/Spi_Internal.o
 .data          0x20000020        0x0 Object/Bsw/Mcal/Spi/src/Spi_map.o
 .data          0x20000020        0x0 Object/Bsw/Services/Os/Os.o
 .data          0x20000020        0x0 Object/lib/SPL/src/misc.o
 .data          0x20000020        0x0 Object/lib/SPL/src/stm32f10x_adc.o
 .data          0x20000020        0x0 Object/lib/SPL/src/stm32f10x_can.o
 .data          0x20000020        0x0 Object/lib/SPL/src/stm32f10x_dma.o
 .data          0x20000020        0x0 Object/lib/SPL/src/stm32f10x_exti.o
 .data          0x20000020        0x0 Object/lib/SPL/src/stm32f10x_flash.o
 .data          0x20000020        0x0 Object/lib/SPL/src/stm32f10x_gpio.o
 .data          0x20000020        0x0 Object/lib/SPL/src/stm32f10x_i2c.o
 .data          0x20000020        0x0 Object/lib/SPL/src/stm32f10x_pwr.o
 .data          0x20000020        0x0 Object/lib/SPL/src/stm32f10x_rcc.o
 .data          0x20000020        0x0 Object/lib/SPL/src/stm32f10x_sdio.o
 .data          0x20000020        0x0 Object/lib/SPL/src/stm32f10x_spi.o
 .data          0x20000020        0x0 Object/lib/SPL/src/stm32f10x_tim.o
 .data          0x20000020        0x0 Object/lib/SPL/src/stm32f10x_usart.o
 .data          0x20000020        0x0 Object/startup/startup_stm32f103c8tx.o
 .data          0x20000020        0x0 D:/arm-gnu-toolchain/arm-gnu-toolchain_/bin/../lib/gcc/arm-none-eabi/13.3.1/thumb/v7-m/nofp\libg_nano.a(libc_a-errno.o)
 .data          0x20000020        0x0 D:/arm-gnu-toolchain/arm-gnu-toolchain_/bin/../lib/gcc/arm-none-eabi/13.3.1/thumb/v7-m/nofp\libg_nano.a(libc_a-init.o)
 .data          0x20000020        0x0 D:/arm-gnu-toolchain/arm-gnu-toolchain_/bin/../lib/gcc/arm-none-eabi/13.3.1/thumb/v7-m/nofp\libg_nano.a(libc_a-impure.o)
 .data._impure_ptr
                0x20000020        0x4 D:/arm-gnu-toolchain/arm-gnu-toolchain_/bin/../lib/gcc/arm-none-eabi/13.3.1/thumb/v7-m/nofp\libg_nano.a(libc_a-impure.o)
                0x20000020                _impure_ptr
 .data._impure_data
                0x20000024       0x4c D:/arm-gnu-toolchain/arm-gnu-toolchain_/bin/../lib/gcc/arm-none-eabi/13.3.1/thumb/v7-m/nofp\libg_nano.a(libc_a-impure.o)
                0x20000024                _impure_data
                0x20000070                        _edata = .

.igot.plt       0x20000070        0x0 load address 0x08009040
 .igot.plt      0x20000070        0x0 Object/App/main.o

.bss            0x20000070       0xa8 load address 0x08009040
                0x20000070                        _sbss = .
 *(.bss*)
 .bss           0x20000070        0x0 Object/App/main.o
 .bss           0x20000070        0x0 Object/System/Board_Clock.o
 .bss           0x20000070        0x4 Object/System/syscalls.o
 .bss           0x20000074        0x0 Object/System/system_stm32f10x.o
 .bss           0x20000074        0x1 Object/System/Testcase_Types.o
 .bss           0x20000075        0x0 Object/Bsw/Mcal/Dio/src/Dio.o
 *fill*         0x20000075        0x3 
 .bss           0x20000078        0x4 Object/Bsw/Mcal/Gpt/src/Gpt.o
 .bss           0x2000007c        0x1 Object/Bsw/Mcal/Gpt/src/Gpt_Cfg.o
                0x2000007c                g_Flagupdate_Periodic
 *fill*         0x2000007d        0x3 
 .bss           0x20000080       0x20 Object/Bsw/Mcal/Gpt/src/Gpt_Irq.o
 .bss           0x200000a0        0x0 Object/Bsw/Mcal/Gpt/src/Gpt_Mapping.o
 .bss           0x200000a0        0x4 Object/Bsw/Mcal/Port/src/Port.o
 .bss           0x200000a4        0x0 Object/Bsw/Mcal/Port/src/Port_Cfg.o
 .bss           0x200000a4        0x0 Object/Bsw/Mcal/Port/src/Port_Mapping.o
 .bss           0x200000a4       0x14 Object/Bsw/Mcal/Mcu/src/Mcu_Irq.o
 .bss           0x200000b8        0x4 Object/Bsw/Mcal/Spi/src/Spi.o
 .bss           0x200000bc       0x4c Object/Bsw/Mcal/Spi/src/Spi_Cfg.o
                0x200000bc                Spi_Channels_Status
                0x200000cc                Spi_Channels_data
 .bss           0x20000108        0x0 Object/Bsw/Mcal/Spi/src/Spi_Internal.o
 .bss           0x20000108        0x0 Object/Bsw/Mcal/Spi/src/Spi_map.o
 .bss           0x20000108       0x10 Object/Bsw/Services/Os/Os.o
 .bss           0x20000118        0x0 Object/lib/SPL/src/misc.o
 .bss           0x20000118        0x0 Object/lib/SPL/src/stm32f10x_adc.o
 .bss           0x20000118        0x0 Object/lib/SPL/src/stm32f10x_can.o
 .bss           0x20000118        0x0 Object/lib/SPL/src/stm32f10x_dma.o
 .bss           0x20000118        0x0 Object/lib/SPL/src/stm32f10x_exti.o
 .bss           0x20000118        0x0 Object/lib/SPL/src/stm32f10x_flash.o
 .bss           0x20000118        0x0 Object/lib/SPL/src/stm32f10x_gpio.o
 .bss           0x20000118        0x0 Object/lib/SPL/src/stm32f10x_i2c.o
 .bss           0x20000118        0x0 Object/lib/SPL/src/stm32f10x_pwr.o
 .bss           0x20000118        0x0 Object/lib/SPL/src/stm32f10x_rcc.o
 .bss           0x20000118        0x0 Object/lib/SPL/src/stm32f10x_sdio.o
 .bss           0x20000118        0x0 Object/lib/SPL/src/stm32f10x_spi.o
 .bss           0x20000118        0x0 Object/lib/SPL/src/stm32f10x_tim.o
 .bss           0x20000118        0x0 Object/lib/SPL/src/stm32f10x_usart.o
 .bss           0x20000118        0x0 Object/startup/startup_stm32f103c8tx.o
 .bss           0x20000118        0x0 D:/arm-gnu-toolchain/arm-gnu-toolchain_/bin/../lib/gcc/arm-none-eabi/13.3.1/thumb/v7-m/nofp\libg_nano.a(libc_a-errno.o)
 .bss           0x20000118        0x0 D:/arm-gnu-toolchain/arm-gnu-toolchain_/bin/../lib/gcc/arm-none-eabi/13.3.1/thumb/v7-m/nofp\libg_nano.a(libc_a-init.o)
 .bss           0x20000118        0x0 D:/arm-gnu-toolchain/arm-gnu-toolchain_/bin/../lib/gcc/arm-none-eabi/13.3.1/thumb/v7-m/nofp\libg_nano.a(libc_a-impure.o)
 *(COMMON)
                0x20000118                        _ebss = .
                0x20005000                        _estack = (ORIGIN (RAM) + LENGTH (RAM))
                0x08008fd0                        _sidata = LOADADDR (.data)
                0x20000118                        _end = .
                0x08008fd0                        PROVIDE (_sidata = LOADADDR (.data))
                [!provide]                        PROVIDE (_sdata = ADDR (.data))
                [!provide]                        PROVIDE (_edata = (ADDR (.data) + SIZEOF (.data)))
                [!provide]                        PROVIDE (_sbss = ADDR (.bss))
                [!provide]                        PROVIDE (_ebss = (ADDR (.bss) + SIZEOF (.bss)))
                [!provide]                        PROVIDE (_estack = (ORIGIN (RAM) + LENGTH (RAM)))
OUTPUT(build/main.elf elf32-littlearm)
LOAD linker stubs

.debug_info     0x00000000     0xdaff
 .debug_info    0x00000000      0x21a Object/App/main.o
 .debug_info    0x0000021a      0x110 Object/System/Board_Clock.o
 .debug_info    0x0000032a      0x53a Object/System/syscalls.o
 .debug_info    0x00000864      0x4ad Object/System/system_stm32f10x.o
 .debug_info    0x00000d11      0x7ba Object/System/Testcase_Types.o
 .debug_info    0x000014cb      0x4d1 Object/Bsw/Mcal/Dio/src/Dio.o
 .debug_info    0x0000199c      0x894 Object/Bsw/Mcal/Gpt/src/Gpt.o
 .debug_info    0x00002230      0x424 Object/Bsw/Mcal/Gpt/src/Gpt_Cfg.o
 .debug_info    0x00002654      0x57c Object/Bsw/Mcal/Gpt/src/Gpt_Irq.o
 .debug_info    0x00002bd0      0x459 Object/Bsw/Mcal/Gpt/src/Gpt_Mapping.o
 .debug_info    0x00003029      0x42f Object/Bsw/Mcal/Port/src/Port.o
 .debug_info    0x00003458      0x246 Object/Bsw/Mcal/Port/src/Port_Cfg.o
 .debug_info    0x0000369e      0x2b2 Object/Bsw/Mcal/Port/src/Port_Mapping.o
 .debug_info    0x00003950      0x3ab Object/Bsw/Mcal/Mcu/src/Mcu_Irq.o
 .debug_info    0x00003cfb      0xde8 Object/Bsw/Mcal/Spi/src/Spi.o
 .debug_info    0x00004ae3      0x5fb Object/Bsw/Mcal/Spi/src/Spi_Cfg.o
 .debug_info    0x000050de       0x88 Object/Bsw/Mcal/Spi/src/Spi_Internal.o
 .debug_info    0x00005166      0x4b7 Object/Bsw/Mcal/Spi/src/Spi_map.o
 .debug_info    0x0000561d      0x539 Object/Bsw/Services/Os/Os.o
 .debug_info    0x00005b56      0x4f6 Object/lib/SPL/src/misc.o
 .debug_info    0x0000604c      0xb3e Object/lib/SPL/src/stm32f10x_adc.o
 .debug_info    0x00006b8a      0xb73 Object/lib/SPL/src/stm32f10x_can.o
 .debug_info    0x000076fd      0x436 Object/lib/SPL/src/stm32f10x_dma.o
 .debug_info    0x00007b33      0x31e Object/lib/SPL/src/stm32f10x_exti.o
 .debug_info    0x00007e51      0x76f Object/lib/SPL/src/stm32f10x_flash.o
 .debug_info    0x000085c0      0x6d6 Object/lib/SPL/src/stm32f10x_gpio.o
 .debug_info    0x00008c96      0xaf1 Object/lib/SPL/src/stm32f10x_i2c.o
 .debug_info    0x00009787      0x447 Object/lib/SPL/src/stm32f10x_pwr.o
 .debug_info    0x00009bce      0x854 Object/lib/SPL/src/stm32f10x_rcc.o
 .debug_info    0x0000a422      0x7b6 Object/lib/SPL/src/stm32f10x_sdio.o
 .debug_info    0x0000abd8      0x904 Object/lib/SPL/src/stm32f10x_spi.o
 .debug_info    0x0000b4dc     0x1c06 Object/lib/SPL/src/stm32f10x_tim.o
 .debug_info    0x0000d0e2      0x9ed Object/lib/SPL/src/stm32f10x_usart.o
 .debug_info    0x0000dacf       0x30 Object/startup/startup_stm32f103c8tx.o

.debug_abbrev   0x00000000     0x3325
 .debug_abbrev  0x00000000      0x133 Object/App/main.o
 .debug_abbrev  0x00000133       0xc9 Object/System/Board_Clock.o
 .debug_abbrev  0x000001fc      0x189 Object/System/syscalls.o
 .debug_abbrev  0x00000385      0x17c Object/System/system_stm32f10x.o
 .debug_abbrev  0x00000501      0x1e6 Object/System/Testcase_Types.o
 .debug_abbrev  0x000006e7      0x180 Object/Bsw/Mcal/Dio/src/Dio.o
 .debug_abbrev  0x00000867      0x1e4 Object/Bsw/Mcal/Gpt/src/Gpt.o
 .debug_abbrev  0x00000a4b      0x11f Object/Bsw/Mcal/Gpt/src/Gpt_Cfg.o
 .debug_abbrev  0x00000b6a      0x201 Object/Bsw/Mcal/Gpt/src/Gpt_Irq.o
 .debug_abbrev  0x00000d6b       0xf1 Object/Bsw/Mcal/Gpt/src/Gpt_Mapping.o
 .debug_abbrev  0x00000e5c      0x18d Object/Bsw/Mcal/Port/src/Port.o
 .debug_abbrev  0x00000fe9       0xe1 Object/Bsw/Mcal/Port/src/Port_Cfg.o
 .debug_abbrev  0x000010ca       0xf6 Object/Bsw/Mcal/Port/src/Port_Mapping.o
 .debug_abbrev  0x000011c0      0x138 Object/Bsw/Mcal/Mcu/src/Mcu_Irq.o
 .debug_abbrev  0x000012f8      0x2c3 Object/Bsw/Mcal/Spi/src/Spi.o
 .debug_abbrev  0x000015bb      0x10a Object/Bsw/Mcal/Spi/src/Spi_Cfg.o
 .debug_abbrev  0x000016c5       0x26 Object/Bsw/Mcal/Spi/src/Spi_Internal.o
 .debug_abbrev  0x000016eb      0x11e Object/Bsw/Mcal/Spi/src/Spi_map.o
 .debug_abbrev  0x00001809      0x1c6 Object/Bsw/Services/Os/Os.o
 .debug_abbrev  0x000019cf      0x17d Object/lib/SPL/src/misc.o
 .debug_abbrev  0x00001b4c      0x1da Object/lib/SPL/src/stm32f10x_adc.o
 .debug_abbrev  0x00001d26      0x240 Object/lib/SPL/src/stm32f10x_can.o
 .debug_abbrev  0x00001f66      0x193 Object/lib/SPL/src/stm32f10x_dma.o
 .debug_abbrev  0x000020f9      0x178 Object/lib/SPL/src/stm32f10x_exti.o
 .debug_abbrev  0x00002271      0x1c5 Object/lib/SPL/src/stm32f10x_flash.o
 .debug_abbrev  0x00002436      0x215 Object/lib/SPL/src/stm32f10x_gpio.o
 .debug_abbrev  0x0000264b      0x1bf Object/lib/SPL/src/stm32f10x_i2c.o
 .debug_abbrev  0x0000280a      0x1b0 Object/lib/SPL/src/stm32f10x_pwr.o
 .debug_abbrev  0x000029ba      0x1e1 Object/lib/SPL/src/stm32f10x_rcc.o
 .debug_abbrev  0x00002b9b      0x1d7 Object/lib/SPL/src/stm32f10x_sdio.o
 .debug_abbrev  0x00002d72      0x1da Object/lib/SPL/src/stm32f10x_spi.o
 .debug_abbrev  0x00002f4c      0x1f8 Object/lib/SPL/src/stm32f10x_tim.o
 .debug_abbrev  0x00003144      0x1bd Object/lib/SPL/src/stm32f10x_usart.o
 .debug_abbrev  0x00003301       0x24 Object/startup/startup_stm32f103c8tx.o

.debug_aranges  0x00000000      0x430
 .debug_aranges
                0x00000000       0x20 Object/App/main.o
 .debug_aranges
                0x00000020       0x20 Object/System/Board_Clock.o
 .debug_aranges
                0x00000040       0x20 Object/System/syscalls.o
 .debug_aranges
                0x00000060       0x20 Object/System/system_stm32f10x.o
 .debug_aranges
                0x00000080       0x20 Object/System/Testcase_Types.o
 .debug_aranges
                0x000000a0       0x20 Object/Bsw/Mcal/Dio/src/Dio.o
 .debug_aranges
                0x000000c0       0x20 Object/Bsw/Mcal/Gpt/src/Gpt.o
 .debug_aranges
                0x000000e0       0x20 Object/Bsw/Mcal/Gpt/src/Gpt_Cfg.o
 .debug_aranges
                0x00000100       0x20 Object/Bsw/Mcal/Gpt/src/Gpt_Irq.o
 .debug_aranges
                0x00000120       0x20 Object/Bsw/Mcal/Gpt/src/Gpt_Mapping.o
 .debug_aranges
                0x00000140       0x20 Object/Bsw/Mcal/Port/src/Port.o
 .debug_aranges
                0x00000160       0x18 Object/Bsw/Mcal/Port/src/Port_Cfg.o
 .debug_aranges
                0x00000178       0x20 Object/Bsw/Mcal/Port/src/Port_Mapping.o
 .debug_aranges
                0x00000198       0x20 Object/Bsw/Mcal/Mcu/src/Mcu_Irq.o
 .debug_aranges
                0x000001b8       0x20 Object/Bsw/Mcal/Spi/src/Spi.o
 .debug_aranges
                0x000001d8       0x18 Object/Bsw/Mcal/Spi/src/Spi_Cfg.o
 .debug_aranges
                0x000001f0       0x18 Object/Bsw/Mcal/Spi/src/Spi_Internal.o
 .debug_aranges
                0x00000208       0x20 Object/Bsw/Mcal/Spi/src/Spi_map.o
 .debug_aranges
                0x00000228       0x20 Object/Bsw/Services/Os/Os.o
 .debug_aranges
                0x00000248       0x20 Object/lib/SPL/src/misc.o
 .debug_aranges
                0x00000268       0x20 Object/lib/SPL/src/stm32f10x_adc.o
 .debug_aranges
                0x00000288       0x20 Object/lib/SPL/src/stm32f10x_can.o
 .debug_aranges
                0x000002a8       0x20 Object/lib/SPL/src/stm32f10x_dma.o
 .debug_aranges
                0x000002c8       0x20 Object/lib/SPL/src/stm32f10x_exti.o
 .debug_aranges
                0x000002e8       0x20 Object/lib/SPL/src/stm32f10x_flash.o
 .debug_aranges
                0x00000308       0x20 Object/lib/SPL/src/stm32f10x_gpio.o
 .debug_aranges
                0x00000328       0x20 Object/lib/SPL/src/stm32f10x_i2c.o
 .debug_aranges
                0x00000348       0x20 Object/lib/SPL/src/stm32f10x_pwr.o
 .debug_aranges
                0x00000368       0x20 Object/lib/SPL/src/stm32f10x_rcc.o
 .debug_aranges
                0x00000388       0x20 Object/lib/SPL/src/stm32f10x_sdio.o
 .debug_aranges
                0x000003a8       0x20 Object/lib/SPL/src/stm32f10x_spi.o
 .debug_aranges
                0x000003c8       0x20 Object/lib/SPL/src/stm32f10x_tim.o
 .debug_aranges
                0x000003e8       0x20 Object/lib/SPL/src/stm32f10x_usart.o
 .debug_aranges
                0x00000408       0x28 Object/startup/startup_stm32f103c8tx.o

.debug_line     0x00000000     0x669a
 .debug_line    0x00000000       0xcd Object/App/main.o
 .debug_line    0x000000cd      0x139 Object/System/Board_Clock.o
 .debug_line    0x00000206      0x19b Object/System/syscalls.o
 .debug_line    0x000003a1      0x2b7 Object/System/system_stm32f10x.o
 .debug_line    0x00000658      0x226 Object/System/Testcase_Types.o
 .debug_line    0x0000087e      0x235 Object/Bsw/Mcal/Dio/src/Dio.o
 .debug_line    0x00000ab3      0x2c5 Object/Bsw/Mcal/Gpt/src/Gpt.o
 .debug_line    0x00000d78       0xcf Object/Bsw/Mcal/Gpt/src/Gpt_Cfg.o
 .debug_line    0x00000e47      0x1eb Object/Bsw/Mcal/Gpt/src/Gpt_Irq.o
 .debug_line    0x00001032      0x190 Object/Bsw/Mcal/Gpt/src/Gpt_Mapping.o
 .debug_line    0x000011c2      0x20c Object/Bsw/Mcal/Port/src/Port.o
 .debug_line    0x000013ce       0x9a Object/Bsw/Mcal/Port/src/Port_Cfg.o
 .debug_line    0x00001468      0x180 Object/Bsw/Mcal/Port/src/Port_Mapping.o
 .debug_line    0x000015e8      0x1cd Object/Bsw/Mcal/Mcu/src/Mcu_Irq.o
 .debug_line    0x000017b5      0x465 Object/Bsw/Mcal/Spi/src/Spi.o
 .debug_line    0x00001c1a       0xb7 Object/Bsw/Mcal/Spi/src/Spi_Cfg.o
 .debug_line    0x00001cd1       0x40 Object/Bsw/Mcal/Spi/src/Spi_Internal.o
 .debug_line    0x00001d11      0x1cb Object/Bsw/Mcal/Spi/src/Spi_map.o
 .debug_line    0x00001edc      0x119 Object/Bsw/Services/Os/Os.o
 .debug_line    0x00001ff5      0x200 Object/lib/SPL/src/misc.o
 .debug_line    0x000021f5      0x5c9 Object/lib/SPL/src/stm32f10x_adc.o
 .debug_line    0x000027be      0x92a Object/lib/SPL/src/stm32f10x_can.o
 .debug_line    0x000030e8      0x34a Object/lib/SPL/src/stm32f10x_dma.o
 .debug_line    0x00003432      0x276 Object/lib/SPL/src/stm32f10x_exti.o
 .debug_line    0x000036a8      0x5b3 Object/lib/SPL/src/stm32f10x_flash.o
 .debug_line    0x00003c5b      0x42a Object/lib/SPL/src/stm32f10x_gpio.o
 .debug_line    0x00004085      0x505 Object/lib/SPL/src/stm32f10x_i2c.o
 .debug_line    0x0000458a      0x1f8 Object/lib/SPL/src/stm32f10x_pwr.o
 .debug_line    0x00004782      0x514 Object/lib/SPL/src/stm32f10x_rcc.o
 .debug_line    0x00004c96      0x3aa Object/lib/SPL/src/stm32f10x_sdio.o
 .debug_line    0x00005040      0x43f Object/lib/SPL/src/stm32f10x_spi.o
 .debug_line    0x0000547f      0xc8d Object/lib/SPL/src/stm32f10x_tim.o
 .debug_line    0x0000610c      0x516 Object/lib/SPL/src/stm32f10x_usart.o
 .debug_line    0x00006622       0x78 Object/startup/startup_stm32f103c8tx.o

.debug_str      0x00000000     0x5181
 .debug_str     0x00000000     0x5181 Object/App/main.o
                                0x246 (size before relaxing)
 .debug_str     0x00005181      0x1e8 Object/System/Board_Clock.o
 .debug_str     0x00005181      0x35a Object/System/syscalls.o
 .debug_str     0x00005181      0x2d2 Object/System/system_stm32f10x.o
 .debug_str     0x00005181      0x89c Object/System/Testcase_Types.o
 .debug_str     0x00005181      0x369 Object/Bsw/Mcal/Dio/src/Dio.o
 .debug_str     0x00005181      0x7da Object/Bsw/Mcal/Gpt/src/Gpt.o
 .debug_str     0x00005181      0x52d Object/Bsw/Mcal/Gpt/src/Gpt_Cfg.o
 .debug_str     0x00005181      0x504 Object/Bsw/Mcal/Gpt/src/Gpt_Irq.o
 .debug_str     0x00005181      0x481 Object/Bsw/Mcal/Gpt/src/Gpt_Mapping.o
 .debug_str     0x00005181      0x509 Object/Bsw/Mcal/Port/src/Port.o
 .debug_str     0x00005181      0x38a Object/Bsw/Mcal/Port/src/Port_Cfg.o
 .debug_str     0x00005181      0x401 Object/Bsw/Mcal/Port/src/Port_Mapping.o
 .debug_str     0x00005181      0x5e2 Object/Bsw/Mcal/Mcu/src/Mcu_Irq.o
 .debug_str     0x00005181      0xba2 Object/Bsw/Mcal/Spi/src/Spi.o
 .debug_str     0x00005181      0x789 Object/Bsw/Mcal/Spi/src/Spi_Cfg.o
 .debug_str     0x00005181      0x170 Object/Bsw/Mcal/Spi/src/Spi_Internal.o
 .debug_str     0x00005181      0x573 Object/Bsw/Mcal/Spi/src/Spi_map.o
 .debug_str     0x00005181      0x5b6 Object/Bsw/Services/Os/Os.o
 .debug_str     0x00005181      0x3a6 Object/lib/SPL/src/misc.o
 .debug_str     0x00005181      0x6f9 Object/lib/SPL/src/stm32f10x_adc.o
 .debug_str     0x00005181      0x72c Object/lib/SPL/src/stm32f10x_can.o
 .debug_str     0x00005181      0x39e Object/lib/SPL/src/stm32f10x_dma.o
 .debug_str     0x00005181      0x330 Object/lib/SPL/src/stm32f10x_exti.o
 .debug_str     0x00005181      0x5cf Object/lib/SPL/src/stm32f10x_flash.o
 .debug_str     0x00005181      0x517 Object/lib/SPL/src/stm32f10x_gpio.o
 .debug_str     0x00005181      0x676 Object/lib/SPL/src/stm32f10x_i2c.o
 .debug_str     0x00005181      0x314 Object/lib/SPL/src/stm32f10x_pwr.o
 .debug_str     0x00005181      0x601 Object/lib/SPL/src/stm32f10x_rcc.o
 .debug_str     0x00005181      0x617 Object/lib/SPL/src/stm32f10x_sdio.o
 .debug_str     0x00005181      0x624 Object/lib/SPL/src/stm32f10x_spi.o
 .debug_str     0x00005181      0xdf2 Object/lib/SPL/src/stm32f10x_tim.o
 .debug_str     0x00005181      0x6b7 Object/lib/SPL/src/stm32f10x_usart.o
 .debug_str     0x00005181       0x84 Object/startup/startup_stm32f103c8tx.o

.comment        0x00000000       0x45
 .comment       0x00000000       0x45 Object/App/main.o
                                 0x46 (size before relaxing)
 .comment       0x00000045       0x46 Object/System/Board_Clock.o
 .comment       0x00000045       0x46 Object/System/syscalls.o
 .comment       0x00000045       0x46 Object/System/system_stm32f10x.o
 .comment       0x00000045       0x46 Object/System/Testcase_Types.o
 .comment       0x00000045       0x46 Object/Bsw/Mcal/Dio/src/Dio.o
 .comment       0x00000045       0x46 Object/Bsw/Mcal/Gpt/src/Gpt.o
 .comment       0x00000045       0x46 Object/Bsw/Mcal/Gpt/src/Gpt_Cfg.o
 .comment       0x00000045       0x46 Object/Bsw/Mcal/Gpt/src/Gpt_Irq.o
 .comment       0x00000045       0x46 Object/Bsw/Mcal/Gpt/src/Gpt_Mapping.o
 .comment       0x00000045       0x46 Object/Bsw/Mcal/Port/src/Port.o
 .comment       0x00000045       0x46 Object/Bsw/Mcal/Port/src/Port_Cfg.o
 .comment       0x00000045       0x46 Object/Bsw/Mcal/Port/src/Port_Mapping.o
 .comment       0x00000045       0x46 Object/Bsw/Mcal/Mcu/src/Mcu_Irq.o
 .comment       0x00000045       0x46 Object/Bsw/Mcal/Spi/src/Spi.o
 .comment       0x00000045       0x46 Object/Bsw/Mcal/Spi/src/Spi_Cfg.o
 .comment       0x00000045       0x46 Object/Bsw/Mcal/Spi/src/Spi_Internal.o
 .comment       0x00000045       0x46 Object/Bsw/Mcal/Spi/src/Spi_map.o
 .comment       0x00000045       0x46 Object/Bsw/Services/Os/Os.o
 .comment       0x00000045       0x46 Object/lib/SPL/src/misc.o
 .comment       0x00000045       0x46 Object/lib/SPL/src/stm32f10x_adc.o
 .comment       0x00000045       0x46 Object/lib/SPL/src/stm32f10x_can.o
 .comment       0x00000045       0x46 Object/lib/SPL/src/stm32f10x_dma.o
 .comment       0x00000045       0x46 Object/lib/SPL/src/stm32f10x_exti.o
 .comment       0x00000045       0x46 Object/lib/SPL/src/stm32f10x_flash.o
 .comment       0x00000045       0x46 Object/lib/SPL/src/stm32f10x_gpio.o
 .comment       0x00000045       0x46 Object/lib/SPL/src/stm32f10x_i2c.o
 .comment       0x00000045       0x46 Object/lib/SPL/src/stm32f10x_pwr.o
 .comment       0x00000045       0x46 Object/lib/SPL/src/stm32f10x_rcc.o
 .comment       0x00000045       0x46 Object/lib/SPL/src/stm32f10x_sdio.o
 .comment       0x00000045       0x46 Object/lib/SPL/src/stm32f10x_spi.o
 .comment       0x00000045       0x46 Object/lib/SPL/src/stm32f10x_tim.o
 .comment       0x00000045       0x46 Object/lib/SPL/src/stm32f10x_usart.o

.ARM.attributes
                0x00000000       0x2b
 .ARM.attributes
                0x00000000       0x2d Object/App/main.o
 .ARM.attributes
                0x0000002d       0x2d Object/System/Board_Clock.o
 .ARM.attributes
                0x0000005a       0x2d Object/System/syscalls.o
 .ARM.attributes
                0x00000087       0x2d Object/System/system_stm32f10x.o
 .ARM.attributes
                0x000000b4       0x2d Object/System/Testcase_Types.o
 .ARM.attributes
                0x000000e1       0x2d Object/Bsw/Mcal/Dio/src/Dio.o
 .ARM.attributes
                0x0000010e       0x2d Object/Bsw/Mcal/Gpt/src/Gpt.o
 .ARM.attributes
                0x0000013b       0x2d Object/Bsw/Mcal/Gpt/src/Gpt_Cfg.o
 .ARM.attributes
                0x00000168       0x2d Object/Bsw/Mcal/Gpt/src/Gpt_Irq.o
 .ARM.attributes
                0x00000195       0x2d Object/Bsw/Mcal/Gpt/src/Gpt_Mapping.o
 .ARM.attributes
                0x000001c2       0x2d Object/Bsw/Mcal/Port/src/Port.o
 .ARM.attributes
                0x000001ef       0x2d Object/Bsw/Mcal/Port/src/Port_Cfg.o
 .ARM.attributes
                0x0000021c       0x2d Object/Bsw/Mcal/Port/src/Port_Mapping.o
 .ARM.attributes
                0x00000249       0x2d Object/Bsw/Mcal/Mcu/src/Mcu_Irq.o
 .ARM.attributes
                0x00000276       0x2d Object/Bsw/Mcal/Spi/src/Spi.o
 .ARM.attributes
                0x000002a3       0x2d Object/Bsw/Mcal/Spi/src/Spi_Cfg.o
 .ARM.attributes
                0x000002d0       0x2d Object/Bsw/Mcal/Spi/src/Spi_Internal.o
 .ARM.attributes
                0x000002fd       0x2d Object/Bsw/Mcal/Spi/src/Spi_map.o
 .ARM.attributes
                0x0000032a       0x2d Object/Bsw/Services/Os/Os.o
 .ARM.attributes
                0x00000357       0x2d Object/lib/SPL/src/misc.o
 .ARM.attributes
                0x00000384       0x2d Object/lib/SPL/src/stm32f10x_adc.o
 .ARM.attributes
                0x000003b1       0x2d Object/lib/SPL/src/stm32f10x_can.o
 .ARM.attributes
                0x000003de       0x2d Object/lib/SPL/src/stm32f10x_dma.o
 .ARM.attributes
                0x0000040b       0x2d Object/lib/SPL/src/stm32f10x_exti.o
 .ARM.attributes
                0x00000438       0x2d Object/lib/SPL/src/stm32f10x_flash.o
 .ARM.attributes
                0x00000465       0x2d Object/lib/SPL/src/stm32f10x_gpio.o
 .ARM.attributes
                0x00000492       0x2d Object/lib/SPL/src/stm32f10x_i2c.o
 .ARM.attributes
                0x000004bf       0x2d Object/lib/SPL/src/stm32f10x_pwr.o
 .ARM.attributes
                0x000004ec       0x2d Object/lib/SPL/src/stm32f10x_rcc.o
 .ARM.attributes
                0x00000519       0x2d Object/lib/SPL/src/stm32f10x_sdio.o
 .ARM.attributes
                0x00000546       0x2d Object/lib/SPL/src/stm32f10x_spi.o
 .ARM.attributes
                0x00000573       0x2d Object/lib/SPL/src/stm32f10x_tim.o
 .ARM.attributes
                0x000005a0       0x2d Object/lib/SPL/src/stm32f10x_usart.o
 .ARM.attributes
                0x000005cd       0x21 Object/startup/startup_stm32f103c8tx.o
 .ARM.attributes
                0x000005ee       0x2d D:/arm-gnu-toolchain/arm-gnu-toolchain_/bin/../lib/gcc/arm-none-eabi/13.3.1/thumb/v7-m/nofp\libg_nano.a(libc_a-errno.o)
 .ARM.attributes
                0x0000061b       0x2d D:/arm-gnu-toolchain/arm-gnu-toolchain_/bin/../lib/gcc/arm-none-eabi/13.3.1/thumb/v7-m/nofp\libg_nano.a(libc_a-init.o)
 .ARM.attributes
                0x00000648       0x2d D:/arm-gnu-toolchain/arm-gnu-toolchain_/bin/../lib/gcc/arm-none-eabi/13.3.1/thumb/v7-m/nofp\libg_nano.a(libc_a-impure.o)

.debug_frame    0x00000000     0x4784
 .debug_frame   0x00000000       0x44 Object/App/main.o
 .debug_frame   0x00000044       0x4c Object/System/Board_Clock.o
 .debug_frame   0x00000090      0x1ec Object/System/syscalls.o
 .debug_frame   0x0000027c       0x98 Object/System/system_stm32f10x.o
 .debug_frame   0x00000314       0xd0 Object/System/Testcase_Types.o
 .debug_frame   0x000003e4      0x134 Object/Bsw/Mcal/Dio/src/Dio.o
 .debug_frame   0x00000518       0xa0 Object/Bsw/Mcal/Gpt/src/Gpt.o
 .debug_frame   0x000005b8       0x30 Object/Bsw/Mcal/Gpt/src/Gpt_Cfg.o
 .debug_frame   0x000005e8       0x78 Object/Bsw/Mcal/Gpt/src/Gpt_Irq.o
 .debug_frame   0x00000660       0xb0 Object/Bsw/Mcal/Gpt/src/Gpt_Mapping.o
 .debug_frame   0x00000710       0x34 Object/Bsw/Mcal/Port/src/Port.o
 .debug_frame   0x00000744       0x88 Object/Bsw/Mcal/Port/src/Port_Mapping.o
 .debug_frame   0x000007cc       0x34 Object/Bsw/Mcal/Mcu/src/Mcu_Irq.o
 .debug_frame   0x00000800      0x1fc Object/Bsw/Mcal/Spi/src/Spi.o
 .debug_frame   0x000009fc      0x178 Object/Bsw/Mcal/Spi/src/Spi_map.o
 .debug_frame   0x00000b74       0xec Object/Bsw/Services/Os/Os.o
 .debug_frame   0x00000c60       0xd8 Object/lib/SPL/src/misc.o
 .debug_frame   0x00000d38      0x5a4 Object/lib/SPL/src/stm32f10x_adc.o
 .debug_frame   0x000012dc      0x3f8 Object/lib/SPL/src/stm32f10x_can.o
 .debug_frame   0x000016d4      0x1c8 Object/lib/SPL/src/stm32f10x_dma.o
 .debug_frame   0x0000189c      0x148 Object/lib/SPL/src/stm32f10x_exti.o
 .debug_frame   0x000019e4      0x410 Object/lib/SPL/src/stm32f10x_flash.o
 .debug_frame   0x00001df4      0x2d0 Object/lib/SPL/src/stm32f10x_gpio.o
 .debug_frame   0x000020c4      0x530 Object/lib/SPL/src/stm32f10x_i2c.o
 .debug_frame   0x000025f4      0x164 Object/lib/SPL/src/stm32f10x_pwr.o
 .debug_frame   0x00002758      0x4f4 Object/lib/SPL/src/stm32f10x_rcc.o
 .debug_frame   0x00002c4c      0x490 Object/lib/SPL/src/stm32f10x_sdio.o
 .debug_frame   0x000030dc      0x3a0 Object/lib/SPL/src/stm32f10x_spi.o
 .debug_frame   0x0000347c      0xe2c Object/lib/SPL/src/stm32f10x_tim.o
 .debug_frame   0x000042a8      0x490 Object/lib/SPL/src/stm32f10x_usart.o
 .debug_frame   0x00004738       0x20 D:/arm-gnu-toolchain/arm-gnu-toolchain_/bin/../lib/gcc/arm-none-eabi/13.3.1/thumb/v7-m/nofp\libg_nano.a(libc_a-errno.o)
 .debug_frame   0x00004758       0x2c D:/arm-gnu-toolchain/arm-gnu-toolchain_/bin/../lib/gcc/arm-none-eabi/13.3.1/thumb/v7-m/nofp\libg_nano.a(libc_a-init.o)

.debug_line_str
                0x00000000       0x68
 .debug_line_str
                0x00000000       0x68 Object/startup/startup_stm32f103c8tx.o

.debug_rnglists
                0x00000000       0x19
 .debug_rnglists
                0x00000000       0x19 Object/startup/startup_stm32f103c8tx.o
