Archive member included to satisfy reference by file (symbol)

D:/arm-gnu-toolchain/arm-gnu-toolchain_/bin/../lib/gcc/arm-none-eabi/13.3.1/thumb/v7-m/nofp\libg_nano.a(libc_a-malloc.o)
                              Object/RFID_Scan.o (malloc)
D:/arm-gnu-toolchain/arm-gnu-toolchain_/bin/../lib/gcc/arm-none-eabi/13.3.1/thumb/v7-m/nofp\libg_nano.a(libc_a-mallocr.o)
                              D:/arm-gnu-toolchain/arm-gnu-toolchain_/bin/../lib/gcc/arm-none-eabi/13.3.1/thumb/v7-m/nofp\libg_nano.a(libc_a-malloc.o) (_malloc_r)
D:/arm-gnu-toolchain/arm-gnu-toolchain_/bin/../lib/gcc/arm-none-eabi/13.3.1/thumb/v7-m/nofp\libg_nano.a(libc_a-mlock.o)
                              D:/arm-gnu-toolchain/arm-gnu-toolchain_/bin/../lib/gcc/arm-none-eabi/13.3.1/thumb/v7-m/nofp\libg_nano.a(libc_a-mallocr.o) (__malloc_lock)
D:/arm-gnu-toolchain/arm-gnu-toolchain_/bin/../lib/gcc/arm-none-eabi/13.3.1/thumb/v7-m/nofp\libg_nano.a(libc_a-realloc.o)
                              Object/SdCard_Read.o (realloc)
D:/arm-gnu-toolchain/arm-gnu-toolchain_/bin/../lib/gcc/arm-none-eabi/13.3.1/thumb/v7-m/nofp\libg_nano.a(libc_a-reallocr.o)
                              D:/arm-gnu-toolchain/arm-gnu-toolchain_/bin/../lib/gcc/arm-none-eabi/13.3.1/thumb/v7-m/nofp\libg_nano.a(libc_a-realloc.o) (_realloc_r)
D:/arm-gnu-toolchain/arm-gnu-toolchain_/bin/../lib/gcc/arm-none-eabi/13.3.1/thumb/v7-m/nofp\libg_nano.a(libc_a-fclose.o)
                              Object/SdCard_Read.o (fclose)
D:/arm-gnu-toolchain/arm-gnu-toolchain_/bin/../lib/gcc/arm-none-eabi/13.3.1/thumb/v7-m/nofp\libg_nano.a(libc_a-fflush.o)
                              D:/arm-gnu-toolchain/arm-gnu-toolchain_/bin/../lib/gcc/arm-none-eabi/13.3.1/thumb/v7-m/nofp\libg_nano.a(libc_a-fclose.o) (__sflush_r)
D:/arm-gnu-toolchain/arm-gnu-toolchain_/bin/../lib/gcc/arm-none-eabi/13.3.1/thumb/v7-m/nofp\libg_nano.a(libc_a-fgets.o)
                              Object/SdCard_Read.o (fgets)
D:/arm-gnu-toolchain/arm-gnu-toolchain_/bin/../lib/gcc/arm-none-eabi/13.3.1/thumb/v7-m/nofp\libg_nano.a(libc_a-findfp.o)
                              D:/arm-gnu-toolchain/arm-gnu-toolchain_/bin/../lib/gcc/arm-none-eabi/13.3.1/thumb/v7-m/nofp\libg_nano.a(libc_a-fflush.o) (__sglue)
D:/arm-gnu-toolchain/arm-gnu-toolchain_/bin/../lib/gcc/arm-none-eabi/13.3.1/thumb/v7-m/nofp\libg_nano.a(libc_a-fopen.o)
                              Object/SdCard_Read.o (fopen)
D:/arm-gnu-toolchain/arm-gnu-toolchain_/bin/../lib/gcc/arm-none-eabi/13.3.1/thumb/v7-m/nofp\libg_nano.a(libc_a-fseek.o)
                              D:/arm-gnu-toolchain/arm-gnu-toolchain_/bin/../lib/gcc/arm-none-eabi/13.3.1/thumb/v7-m/nofp\libg_nano.a(libc_a-fopen.o) (_fseek_r)
D:/arm-gnu-toolchain/arm-gnu-toolchain_/bin/../lib/gcc/arm-none-eabi/13.3.1/thumb/v7-m/nofp\libg_nano.a(libc_a-fwalk.o)
                              D:/arm-gnu-toolchain/arm-gnu-toolchain_/bin/../lib/gcc/arm-none-eabi/13.3.1/thumb/v7-m/nofp\libg_nano.a(libc_a-fflush.o) (_fwalk_sglue)
D:/arm-gnu-toolchain/arm-gnu-toolchain_/bin/../lib/gcc/arm-none-eabi/13.3.1/thumb/v7-m/nofp\libg_nano.a(libc_a-fwrite.o)
                              Object/SdCard_Read.o (fwrite)
D:/arm-gnu-toolchain/arm-gnu-toolchain_/bin/../lib/gcc/arm-none-eabi/13.3.1/thumb/v7-m/nofp\libg_nano.a(libc_a-refill.o)
                              D:/arm-gnu-toolchain/arm-gnu-toolchain_/bin/../lib/gcc/arm-none-eabi/13.3.1/thumb/v7-m/nofp\libg_nano.a(libc_a-fgets.o) (__srefill_r)
D:/arm-gnu-toolchain/arm-gnu-toolchain_/bin/../lib/gcc/arm-none-eabi/13.3.1/thumb/v7-m/nofp\libg_nano.a(libc_a-sprintf.o)
                              Object/usbttl.o (sprintf)
D:/arm-gnu-toolchain/arm-gnu-toolchain_/bin/../lib/gcc/arm-none-eabi/13.3.1/thumb/v7-m/nofp\libg_nano.a(libc_a-stdio.o)
                              D:/arm-gnu-toolchain/arm-gnu-toolchain_/bin/../lib/gcc/arm-none-eabi/13.3.1/thumb/v7-m/nofp\libg_nano.a(libc_a-findfp.o) (__sread)
D:/arm-gnu-toolchain/arm-gnu-toolchain_/bin/../lib/gcc/arm-none-eabi/13.3.1/thumb/v7-m/nofp\libg_nano.a(libc_a-wbuf.o)
                              D:/arm-gnu-toolchain/arm-gnu-toolchain_/bin/../lib/gcc/arm-none-eabi/13.3.1/thumb/v7-m/nofp\libg_nano.a(libc_a-fwrite.o) (__swbuf_r)
D:/arm-gnu-toolchain/arm-gnu-toolchain_/bin/../lib/gcc/arm-none-eabi/13.3.1/thumb/v7-m/nofp\libg_nano.a(libc_a-wsetup.o)
                              D:/arm-gnu-toolchain/arm-gnu-toolchain_/bin/../lib/gcc/arm-none-eabi/13.3.1/thumb/v7-m/nofp\libg_nano.a(libc_a-fwrite.o) (__swsetup_r)
D:/arm-gnu-toolchain/arm-gnu-toolchain_/bin/../lib/gcc/arm-none-eabi/13.3.1/thumb/v7-m/nofp\libg_nano.a(libc_a-fseeko.o)
                              D:/arm-gnu-toolchain/arm-gnu-toolchain_/bin/../lib/gcc/arm-none-eabi/13.3.1/thumb/v7-m/nofp\libg_nano.a(libc_a-fseek.o) (_fseeko_r)
D:/arm-gnu-toolchain/arm-gnu-toolchain_/bin/../lib/gcc/arm-none-eabi/13.3.1/thumb/v7-m/nofp\libg_nano.a(libc_a-memset.o)
                              Object/usbttl.o (memset)
[...]
Memory Configuration

Name             Origin             Length             Attributes
FLASH            0x08000000         0x00010000         xr
RAM              0x20000000         0x00005000         xrw
*default*        0x00000000         0xffffffff

Linker script and memory map

LOAD Object/misc.o
LOAD Object/stm32f10x_adc.o
LOAD Object/stm32f10x_can.o
LOAD Object/stm32f10x_dma.o
LOAD Object/stm32f10x_exti.o
LOAD Object/stm32f10x_flash.o
LOAD Object/stm32f10x_gpio.o
LOAD Object/stm32f10x_i2c.o
LOAD Object/stm32f10x_pwr.o
LOAD Object/stm32f10x_rcc.o
LOAD Object/stm32f10x_sdio.o
LOAD Object/stm32f10x_spi.o
LOAD Object/stm32f10x_tim.o
LOAD Object/stm32f10x_usart.o
LOAD Object/stm32f1_spl_i2c.o
LOAD Object/stm32f1_spl_spi.o
LOAD Object/stm32f1_spl_usart.o
LOAD Object/ClkCfg.o
LOAD Object/control_output.o
LOAD Object/display.o
LOAD Object/main.o
LOAD Object/RFID_Scan.o
LOAD Object/SdCard_Read.o
LOAD Object/syscalls.o
LOAD Object/system_stm32f10x.o
LOAD Object/lcd.o
LOAD Object/rc522.o
LOAD Object/servo.o
LOAD Object/Systick.o
LOAD Object/usbttl.o
LOAD Object/startup_stm32f103c8tx.o
START GROUP
LOAD D:/arm-gnu-toolchain/arm-gnu-toolchain_/bin/../lib/gcc/arm-none-eabi/13.3.1/thumb/v7-m/nofp\libgcc.a
LOAD D:/arm-gnu-toolchain/arm-gnu-toolchain_/bin/../lib/gcc/arm-none-eabi/13.3.1/thumb/v7-m/nofp\libg_nano.a
LOAD D:/arm-gnu-toolchain/arm-gnu-toolchain_/bin/../lib/gcc/arm-none-eabi/13.3.1/thumb/v7-m/nofp\libc_nano.a
END GROUP
START GROUP
LOAD D:/arm-gnu-toolchain/arm-gnu-toolchain_/bin/../lib/gcc/arm-none-eabi/13.3.1/thumb/v7-m/nofp\libgcc.a
LOAD D:/arm-gnu-toolchain/arm-gnu-toolchain_/bin/../lib/gcc/arm-none-eabi/13.3.1/thumb/v7-m/nofp\libc_nano.a
END GROUP

.text           0x08000000     0xc68c
 *(.isr_vector)
 .isr_vector    0x08000000      0x10c Object/startup_stm32f103c8tx.o
                0x08000000                g_pfnVectors
 *(.text*)
 .text          0x0800010c      0x18c Object/misc.o
                0x0800010c                NVIC_PriorityGroupConfig
                0x08000130                NVIC_Init
                0x080001f4                NVIC_SetVectorTable
                0x08000220                NVIC_SystemLPConfig
                0x08000260                SysTick_CLKSourceConfig
 .text          0x08000298      0xa00 Object/stm32f10x_adc.o
                0x08000298                ADC_DeInit
                0x0800030c                ADC_Init
                0x080003b0                ADC_StructInit
                0x080003e6                ADC_Cmd
                0x0800041c                ADC_DMACmd
                0x08000452                ADC_ITConfig
                0x08000496                ADC_ResetCalibration
                0x080004b4                ADC_GetResetCalibrationStatus
                0x080004e2                ADC_StartCalibration
                0x08000500                ADC_GetCalibrationStatus
                0x0800052e                ADC_SoftwareStartConvCmd
                0x08000564                ADC_GetSoftwareStartConvStatus
                0x08000592                ADC_DiscModeChannelCountConfig
                0x080005d4                ADC_DiscModeCmd
                0x0800060a                ADC_RegularChannelConfig
                0x0800079c                ADC_ExternalTrigConvCmd
                0x080007d2                ADC_GetConversionValue
                0x080007ea                ADC_GetDualModeConversionValue
                0x08000800                ADC_AutoInjectedConvCmd
                0x08000836                ADC_InjectedDiscModeCmd
                0x0800086c                ADC_ExternalTrigInjectedConvConfig
                0x080008a0                ADC_ExternalTrigInjectedConvCmd
                0x080008d6                ADC_SoftwareStartInjectedConvCmd
                0x0800090c                ADC_GetSoftwareStartInjectedConvCmdStatus
                0x0800093a                ADC_InjectedChannelConfig
                0x08000a5a                ADC_InjectedSequencerLengthConfig
                0x08000a9c                ADC_SetInjectedOffset
                0x08000ace                ADC_GetInjectedConversionValue
                0x08000afc                ADC_AnalogWatchdogCmd
                0x08000b34                ADC_AnalogWatchdogThresholdsConfig
                0x08000b5a                ADC_AnalogWatchdogSingleChannelConfig
                0x08000b90                ADC_TempSensorVrefintCmd
                0x08000bc8                ADC_GetFlagStatus
                0x08000bfa                ADC_ClearFlag
                0x08000c18                ADC_GetITStatus
                0x08000c6c                ADC_ClearITPendingBit
 .text          0x08000c98     0x1188 Object/stm32f10x_can.o
                0x08000c98                CAN_DeInit
                0x08000ce0                CAN_Init
                0x08000e80                CAN_FilterInit
                0x08001004                CAN_StructInit
                0x08001058                CAN_SlaveStartBank
                0x080010b8                CAN_DBGFreeze
                0x080010ee                CAN_TTComModeCmd
                0x08001184                CAN_Transmit
                0x08001324                CAN_TransmitStatus
                0x08001428                CAN_CancelTransmit
                0x0800147e                CAN_Receive
                0x080015f8                CAN_FIFORelease
                0x0800162e                CAN_MessagePending
                0x08001676                CAN_OperatingModeRequest
                0x08001770                CAN_Sleep
                0x080017a8                CAN_WakeUp
                0x080017fc                CAN_GetLastErrorCode
                0x08001820                CAN_GetReceiveErrorCounter
                0x08001840                CAN_GetLSBTransmitErrorCounter
                0x08001860                CAN_ITConfig
                0x0800189a                CAN_GetFlagStatus
                0x08001966                CAN_ClearFlag
                0x080019d8                CAN_GetITStatus
                0x08001c3c                CAN_ClearITPendingBit
 .text          0x08001e20      0x3f8 Object/stm32f10x_dma.o
                0x08001e20                DMA_DeInit
                0x08001f98                DMA_Init
                0x08002014                DMA_StructInit
                0x08002068                DMA_Cmd
                0x080020a0                DMA_ITConfig
                0x080020da                DMA_SetCurrDataCounter
                0x080020f6                DMA_GetCurrDataCounter
                0x0800210e                DMA_GetFlagStatus
                0x08002160                DMA_ClearFlag
                0x08002194                DMA_GetITStatus
                0x080021e4                DMA_ClearITPendingBit
 .text          0x08002218      0x218 Object/stm32f10x_exti.o
                0x08002218                EXTI_DeInit
                0x0800224c                EXTI_Init
                0x08002330                EXTI_StructInit
                0x0800235a                EXTI_GenerateSWInterrupt
                0x0800237c                EXTI_GetFlagStatus
                0x080023b0                EXTI_ClearFlag
                0x080023cc                EXTI_GetITStatus
                0x08002414                EXTI_ClearITPendingBit
 .text          0x08002430      0x954 Object/stm32f10x_flash.o
                0x08002430                FLASH_SetLatency
                0x08002468                FLASH_HalfCycleAccessCmd
                0x08002498                FLASH_PrefetchBufferCmd
                0x080024c8                FLASH_Unlock
                0x080024ec                FLASH_UnlockBank1
                0x08002510                FLASH_Lock
                0x0800252c                FLASH_LockBank1
                0x08002548                FLASH_ErasePage
                0x080025ac                FLASH_EraseAllPages
                0x08002608                FLASH_EraseAllBank1Pages
                0x08002664                FLASH_EraseOptionBytes
                0x08002738                FLASH_ProgramWord
                0x080027cc                FLASH_ProgramHalfWord
                0x08002828                FLASH_ProgramOptionByteData
                0x080028a0                FLASH_EnableWriteProtection
                0x080029b8                FLASH_ReadOutProtection
                0x08002a8c                FLASH_UserOptionByteConfig
                0x08002b20                FLASH_GetUserOptionByte
                0x08002b38                FLASH_GetWriteProtectionOptionByte
                0x08002b4c                FLASH_GetReadOutProtectionStatus
                0x08002b7c                FLASH_GetPrefetchBufferStatus
                0x08002bac                FLASH_ITConfig
                0x08002be8                FLASH_GetFlagStatus
                0x08002c38                FLASH_ClearFlag
                0x08002c54                FLASH_GetStatus
                0x08002ca8                FLASH_GetBank1Status
                0x08002cfc                FLASH_WaitForLastOperation
                0x08002d40                FLASH_WaitForLastBank1Operation
 .text          0x08002d84      0x5d8 Object/stm32f10x_gpio.o
                0x08002d84                GPIO_DeInit
                0x08002e68                GPIO_AFIODeInit
                0x08002e80                GPIO_Init
                0x08002ff8                GPIO_StructInit
                0x0800301e                GPIO_ReadInputDataBit
                0x08003050                GPIO_ReadInputData
                0x08003068                GPIO_ReadOutputDataBit
                0x0800309a                GPIO_ReadOutputData
                0x080030b2                GPIO_SetBits
                0x080030ce                GPIO_ResetBits
                0x080030ea                GPIO_WriteBit
                0x08003118                GPIO_Write
                0x08003134                GPIO_PinLockConfig
                0x08003176                GPIO_EventOutputConfig
                0x080031c0                GPIO_EventOutputCmd
                0x080031e0                GPIO_PinRemapConfig
                0x080032c0                GPIO_EXTILineConfig
                0x08003340                GPIO_ETH_MediaInterfaceConfig
 .text          0x0800335c      0x92c Object/stm32f10x_i2c.o
                0x0800335c                I2C_DeInit
                0x080033a4                I2C_Init
                0x08003528                I2C_StructInit
                0x08003564                I2C_Cmd
                0x080035a2                I2C_DMACmd
                0x080035e0                I2C_DMALastTransferCmd
                0x0800361e                I2C_GenerateSTART
                0x0800365c                I2C_GenerateSTOP
                0x0800369a                I2C_AcknowledgeConfig
                0x080036d8                I2C_OwnAddress2Config
                0x0800371a                I2C_DualAddressCmd
                0x08003758                I2C_GeneralCallCmd
                0x08003796                I2C_ITConfig
                0x080037dc                I2C_SendData
                0x080037fa                I2C_ReceiveData
                0x08003814                I2C_Send7bitAddress
                0x0800384e                I2C_ReadRegister
                0x0800387a                I2C_SoftwareResetCmd
                0x080038bc                I2C_NACKPositionConfig
                0x080038fc                I2C_SMBusAlertConfig
                0x0800393c                I2C_TransmitPEC
                0x0800397a                I2C_PECPositionConfig
                0x080039ba                I2C_CalculatePEC
                0x080039f8                I2C_GetPEC
                0x08003a16                I2C_ARPCmd
                0x08003a54                I2C_StretchClockCmd
                0x08003a92                I2C_FastModeDutyCycleConfig
                0x08003ad2                I2C_CheckEvent
                0x08003b30                I2C_GetLastEvent
                0x08003b72                I2C_GetFlagStatus
                0x08003bd6                I2C_ClearFlag
                0x08003c02                I2C_GetITStatus
                0x08003c5a                I2C_ClearITPendingBit
 .text          0x08003c88      0x1a0 Object/stm32f10x_pwr.o
                0x08003c88                PWR_DeInit
                0x08003ca4                PWR_BackupAccessCmd
                0x08003cc4                PWR_PVDCmd
                0x08003ce4                PWR_PVDLevelConfig
                0x08003d1c                PWR_WakeUpPinCmd
                0x08003d3c                PWR_EnterSTOPMode
                0x08003da0                PWR_EnterSTANDBYMode
                0x08003dd0                PWR_GetFlagStatus
                0x08003e04                PWR_ClearFlag
 .text          0x08003e28      0x7dc Object/stm32f10x_rcc.o
                0x08003e28                RCC_DeInit
                0x08003e84                RCC_HSEConfig
                0x08003ee0                RCC_WaitForHSEStartUp
                0x08003f30                RCC_AdjustHSICalibrationValue
                0x08003f6c                RCC_HSICmd
                0x08003f8c                RCC_PLLConfig
                0x08003fc8                RCC_PLLCmd
                0x08003fe8                RCC_SYSCLKConfig
                0x08004020                RCC_GetSYSCLKSource
                0x0800403c                RCC_HCLKConfig
                0x08004074                RCC_PCLK1Config
                0x080040ac                RCC_PCLK2Config
                0x080040e4                RCC_ITConfig
                0x08004130                RCC_USBCLKConfig
                0x0800414c                RCC_ADCCLKConfig
                0x08004184                RCC_LSEConfig
                0x080041c4                RCC_LSICmd
                0x080041e4                RCC_RTCCLKConfig
                0x08004208                RCC_RTCCLKCmd
                0x08004228                RCC_GetClocksFreq
                0x08004394                RCC_AHBPeriphClockCmd
                0x080043d0                RCC_APB2PeriphClockCmd
                0x0800440c                RCC_APB1PeriphClockCmd
                0x08004448                RCC_APB2PeriphResetCmd
                0x08004484                RCC_APB1PeriphResetCmd
                0x080044c0                RCC_BackupResetCmd
                0x080044e0                RCC_ClockSecuritySystemCmd
                0x08004500                RCC_MCOConfig
                0x08004520                RCC_GetFlagStatus
                0x08004594                RCC_ClearFlag
                0x080045b0                RCC_GetITStatus
                0x080045e4                RCC_ClearITPendingBit
 .text          0x08004604      0x4f0 Object/stm32f10x_sdio.o
                0x08004604                SDIO_DeInit
                0x08004650                SDIO_Init
                0x080046ac                SDIO_StructInit
                0x080046e2                SDIO_ClockCmd
                0x08004700                SDIO_SetPowerState
                0x0800471c                SDIO_GetPowerState
                0x08004734                SDIO_ITConfig
                0x08004770                SDIO_DMACmd
                0x08004790                SDIO_SendCommand
                0x080047e8                SDIO_CmdStructInit
                0x08004818                SDIO_GetCommandResponse
                0x08004830                SDIO_GetResponse
                0x08004858                SDIO_DataConfig
                0x080048b4                SDIO_DataStructInit
                0x080048ec                SDIO_GetDataCounter
                0x08004900                SDIO_ReadData
                0x08004918                SDIO_WriteData
                0x08004938                SDIO_GetFIFOCount
                0x0800494c                SDIO_StartSDIOReadWait
                0x0800496c                SDIO_StopSDIOReadWait
                0x0800498c                SDIO_SetSDIOReadWaitMode
                0x080049a8                SDIO_SetSDIOOperation
                0x080049c8                SDIO_SendSDIOSuspendCmd
                0x080049e8                SDIO_CommandCompletionCmd
                0x08004a08                SDIO_CEATAITCmd
                0x08004a34                SDIO_SendCEATACmd
                0x08004a54                SDIO_GetFlagStatus
                0x08004a88                SDIO_ClearFlag
                0x08004aa4                SDIO_GetITStatus
                0x08004ad8                SDIO_ClearITPendingBit
 .text          0x08004af4      0x6d0 Object/stm32f10x_spi.o
                0x08004af4                SPI_I2S_DeInit
                0x08004b68                SPI_Init
                0x08004bee                I2S_Init
                0x08004d54                SPI_StructInit
                0x08004d9c                I2S_StructInit
                0x08004dd2                SPI_Cmd
                0x08004e10                I2S_Cmd
                0x08004e4e                SPI_I2S_ITConfig
                0x08004eae                SPI_I2S_DMACmd
                0x08004ef4                SPI_I2S_SendData
                0x08004f10                SPI_I2S_ReceiveData
                0x08004f28                SPI_NSSInternalSoftwareConfig
                0x08004f6a                SPI_SSOutputCmd
                0x08004fa8                SPI_DataSizeConfig
                0x08004fde                SPI_TransmitCRC
                0x08005000                SPI_CalculateCRC
                0x0800503e                SPI_GetCRC
                0x0800506e                SPI_GetCRCPolynomial
                0x08005086                SPI_BiDirectionalLineConfig
                0x080050c6                SPI_I2S_GetFlagStatus
                0x080050fc                SPI_I2S_ClearFlag
                0x0800511c                SPI_I2S_GetITStatus
                0x08005190                SPI_I2S_ClearITPendingBit
 .text          0x080051c4     0x1d94 Object/stm32f10x_tim.o
                0x080051c4                TIM_DeInit
                0x080053f0                TIM_TimeBaseInit
                0x080054e8                TIM_OC1Init
                0x08005600                TIM_OC2Init
                0x08005710                TIM_OC3Init
                0x0800581c                TIM_OC4Init
                0x080058ec                TIM_ICInit
                0x08005994                TIM_PWMIConfig
                0x08005a4c                TIM_BDTRConfig
                0x08005a9a                TIM_TimeBaseStructInit
                0x08005acc                TIM_OCStructInit
                0x08005b0e                TIM_ICStructInit
                0x08005b3e                TIM_BDTRStructInit
                0x08005b7a                TIM_Cmd
                0x08005bb8                TIM_CtrlPWMOutputs
                0x08005c02                TIM_ITConfig
                0x08005c48                TIM_GenerateEvent
                0x08005c64                TIM_DMAConfig
                0x08005c8c                TIM_DMACmd
                0x08005cd2                TIM_InternalClockConfig
                0x08005cf4                TIM_ITRxExternalClockConfig
                0x08005d22                TIM_TIxExternalClockConfig
                0x08005d7e                TIM_ETRClockMode1Config
                0x08005ddc                TIM_ETRClockMode2Config
                0x08005e1a                TIM_ETRConfig
                0x08005e6c                TIM_PrescalerConfig
                0x08005e92                TIM_CounterModeConfig
                0x08005ec8                TIM_SelectInputTrigger
                0x08005efe                TIM_EncoderInterfaceConfig
                0x08005f94                TIM_ForcedOC1Config
                0x08005fca                TIM_ForcedOC2Config
                0x08006004                TIM_ForcedOC3Config
                0x0800603a                TIM_ForcedOC4Config
                0x08006074                TIM_ARRPreloadConfig
                0x080060b2                TIM_SelectCOM
                0x080060f0                TIM_SelectCCDMA
                0x0800612e                TIM_CCPreloadControl
                0x0800616c                TIM_OC1PreloadConfig
                0x080061a2                TIM_OC2PreloadConfig
                0x080061dc                TIM_OC3PreloadConfig
                0x08006212                TIM_OC4PreloadConfig
                0x0800624c                TIM_OC1FastConfig
                0x08006282                TIM_OC2FastConfig
                0x080062bc                TIM_OC3FastConfig
                0x080062f2                TIM_OC4FastConfig
                0x0800632c                TIM_ClearOC1Ref
                0x08006362                TIM_ClearOC2Ref
                0x0800639c                TIM_ClearOC3Ref
                0x080063d2                TIM_ClearOC4Ref
                0x0800640c                TIM_OC1PolarityConfig
                0x08006442                TIM_OC1NPolarityConfig
                0x08006478                TIM_OC2PolarityConfig
                0x080064b2                TIM_OC2NPolarityConfig
                0x080064ec                TIM_OC3PolarityConfig
                0x08006526                TIM_OC3NPolarityConfig
                0x08006560                TIM_OC4PolarityConfig
                0x0800659a                TIM_CCxCmd
                0x080065ee                TIM_CCxNCmd
                0x08006642                TIM_SelectOCxM
                0x080066f2                TIM_UpdateDisableConfig
                0x08006730                TIM_UpdateRequestConfig
                0x0800676e                TIM_SelectHallSensor
                0x080067ac                TIM_SelectOnePulseMode
                0x080067e2                TIM_SelectOutputTrigger
                0x08006818                TIM_SelectSlaveMode
                0x0800684e                TIM_SelectMasterSlaveMode
                0x08006884                TIM_SetCounter
                0x080068a0                TIM_SetAutoreload
                0x080068bc                TIM_SetCompare1
                0x080068d8                TIM_SetCompare2
                0x080068f4                TIM_SetCompare3
                0x08006910                TIM_SetCompare4
                0x0800692e                TIM_SetIC1Prescaler
                0x08006964                TIM_SetIC2Prescaler
                0x0800699e                TIM_SetIC3Prescaler
                0x080069d4                TIM_SetIC4Prescaler
                0x08006a0e                TIM_SetClockDivision
                0x08006a44                TIM_GetCapture1
                0x08006a5c                TIM_GetCapture2
                0x08006a74                TIM_GetCapture3
                0x08006a8c                TIM_GetCapture4
                0x08006aa6                TIM_GetCounter
                0x08006abe                TIM_GetPrescaler
                0x08006ad6                TIM_GetFlagStatus
                0x08006b0c                TIM_ClearFlag
                0x08006b2c                TIM_GetITStatus
                0x08006b7e                TIM_ClearITPendingBit
 .text          0x08006f58      0x8dc Object/stm32f10x_usart.o
                0x08006f58                USART_DeInit
                0x08007010                USART_Init
                0x08007184                USART_StructInit
                0x080071bc                USART_ClockInit
                0x08007212                USART_ClockStructInit
                0x0800723c                USART_Cmd
                0x0800727a                USART_ITConfig
                0x08007308                USART_DMACmd
                0x0800734e                USART_SetAddress
                0x08007386                USART_WakeUpConfig
                0x080073bc                USART_ReceiverWakeUpCmd
                0x080073fa                USART_LINBreakDetectLengthConfig
                0x08007430                USART_LINCmd
                0x0800746e                USART_SendData
                0x08007490                USART_ReceiveData
                0x080074ae                USART_SendBreak
                0x080074d0                USART_SetGuardTime
                0x0800750a                USART_SetPrescaler
                0x08007542                USART_SmartCardCmd
                0x08007580                USART_SmartCardNACKCmd
                0x080075be                USART_HalfDuplexCmd
                0x080075fc                USART_OverSampling8Cmd
                0x0800763e                USART_OneBitMethodCmd
                0x0800767c                USART_IrDAConfig
                0x080076b2                USART_IrDACmd
                0x080076f0                USART_GetFlagStatus
                0x08007726                USART_ClearFlag
                0x08007746                USART_GetITStatus
                0x080077fa                USART_ClearITPendingBit
 .text          0x08007834      0x1e4 Object/stm32f1_spl_i2c.o
                0x08007874                SPL_I2C_MasterSend
                0x08007924                SPL_I2C_MasterReceive
 .text          0x08007a18      0x324 Object/stm32f1_spl_spi.o
                0x08007a18                SPL_SPI_Transmit
                0x08007ac8                SPL_SPI_Receive
                0x08007b68                SPL_SPI_TxRx
                0x08007c4a                SPL_SPI_RxTx
 .text          0x08007d3c       0xb6 Object/stm32f1_spl_usart.o
                0x08007d3c                SPL_USART_Send
                0x08007da0                SPL_USART_Receive
 *fill*         0x08007df2        0x2 
 .text          0x08007df4       0x20 Object/ClkCfg.o
                0x08007df4                RCC_Cfg
 .text          0x08007e14      0x10c Object/control_output.o
                0x08007e14                SignalOutput_ModuleInit
                0x08007e24                Led_Control
                0x08007e8c                Barrier_Control
 .text          0x08007f20      0x334 Object/display.o
                0x08007f20                AppModeUpdate
                0x08007f34                LCD_ModuleInit
                0x08007f4c                display_Init
                0x08007fd0                display_Idle
                0x0800802c                display_Run
                0x0800816c                display_Error
                0x0800821c                display_Fail
 .text          0x08008254       0x70 Object/main.o
                0x08008254                main
 .text          0x080082c4      0x228 Object/RFID_Scan.o
                0x08008380                RFID_Scan
                0x080084e0                RFID_ModuleInit
 .text          0x080084ec      0x294 Object/SdCard_Read.o
                0x080084ec                SDcard_ModuleInit
 .text          0x08008780      0x140 Object/syscalls.o
                0x08008780                _sbrk
                0x080087bc                _open
                0x080087de                _close
                0x080087f4                _fstat
                0x08008812                _lseek
                0x0800882a                _read
                0x08008842                _write
                0x0800885a                _isatty
                0x0800886e                _exit
                0x0800887a                _getpid
                0x08008888                _kill
                0x080088a8                _init
                0x080088b4                _fini
 .text          0x080088c0      0x258 Object/system_stm32f10x.o
                0x080088c0                SystemInit
                0x08008928                SystemCoreClockUpdate
 .text          0x08008b18      0x53c Object/lcd.o
                0x08008bf0                LCD_I2C_Init
                0x08008d48                LCD_I2C_SetCursor
                0x08008dce                LCD_I2C_WriteChar
                0x08008dee                LCD_I2C_WriteString
                0x08008e1c                LCD_I2C_Clear
                0x08008e3c                LCD_I2C_ReturnHome
                0x08008e5c                LCD_I2C_CursorOn
                0x08008e88                LCD_I2C_CursorOff
                0x08008eb4                LCD_I2C_BlinkOn
                0x08008ee0                LCD_I2C_BlinkOff
                0x08008f0c                LCD_I2C_DisplayOff
                0x08008f32                LCD_I2C_DisplayOn
                0x08008f5e                LCD_I2C_DisplayMove
                0x08008f8a                LCD_I2C_CursorMove
                0x08008fb0                LCD_I2C_MoveRight
                0x08008fdc                LCD_I2C_MoveLeft
                0x08009002                LCD_I2C_ShiftIncrement
                0x0800902e                LCD_I2C_ShiftDecrement
 .text          0x08009054      0x8a8 Object/rc522.o
                0x08009054                MFRC522_Init
                0x080091bc                MFRC522_Request
                0x08009206                MFRC522_SelectTag
                0x0800928a                MFRC522_Auth
                0x08009350                MFRC522_Anticoll
                0x080093ca                MFRC522_Read
                0x08009422                MFRC522_Write
                0x08009518                MFRC522_Halt
 .text          0x080098fc      0x240 Object/servo.o
                0x080098fc                TIM1_UP_IRQHandler
                0x0800995c                Servo_Init
                0x080099d8                Led_Init
                0x08009a60                LedTimerInterruptEnable
                0x08009a78                LedTimerInterruptDisable
                0x08009a90                Increase_ServoPos
                0x08009ae8                Decrease_ServoPos
 .text          0x08009b3c      0x1a8 Object/Systick.o
                0x08009bd4                SysTick_Init
                0x08009c28                delay_ms
                0x08009c60                SysTick_Handler
                0x08009c70                getTick
 .text          0x08009ce4      0x1dc Object/usbttl.o
                0x08009cfc                usbttl_Init
                0x08009d90                Terminal_InitDebug
                0x08009e14                Terminal_IdleDebug
                0x08009e40                Terminal_RunDebug
                0x08009e94                Terminal_ErrorDebug
 .text          0x08009ec0       0x14 Object/startup_stm32f103c8tx.o
 .text.Reset_Handler
                0x08009ed4       0x48 Object/startup_stm32f103c8tx.o
                0x08009ed4                Reset_Handler
 .text.Default_Handler
                0x08009f1c        0x2 Object/startup_stm32f103c8tx.o
                0x08009f1c                RTC_Alarm_IRQHandler
                0x08009f1c                EXTI2_IRQHandler
                0x08009f1c                DebugMon_Handler
                0x08009f1c                TIM1_CC_IRQHandler
                0x08009f1c                HardFault_Handler
                0x08009f1c                PVD_IRQHandler
                0x08009f1c                PendSV_Handler
                0x08009f1c                NMI_Handler
                0x08009f1c                EXTI3_IRQHandler
                0x08009f1c                EXTI0_IRQHandler
                0x08009f1c                I2C2_EV_IRQHandler
                0x08009f1c                UsageFault_Handler
                0x08009f1c                ADC1_2_IRQHandler
                0x08009f1c                SPI1_IRQHandler
                0x08009f1c                TAMPER_IRQHandler
                0x08009f1c                DMA1_Channel4_IRQHandler
                0x08009f1c                USART3_IRQHandler
                0x08009f1c                RTC_IRQHandler
                0x08009f1c                DMA1_Channel7_IRQHandler
                0x08009f1c                CAN1_RX1_IRQHandler
                0x08009f1c                TIM4_IRQHandler
                0x08009f1c                I2C1_EV_IRQHandler
                0x08009f1c                DMA1_Channel6_IRQHandler
                0x08009f1c                TIM3_IRQHandler
                0x08009f1c                RCC_IRQHandler
                0x08009f1c                TIM1_TRG_COM_IRQHandler
                0x08009f1c                DMA1_Channel1_IRQHandler
                0x08009f1c                Default_Handler
                0x08009f1c                EXTI15_10_IRQHandler
                0x08009f1c                EXTI9_5_IRQHandler
                0x08009f1c                SPI2_IRQHandler
                0x08009f1c                MemManage_Handler
                0x08009f1c                SVC_Handler
                0x08009f1c                DMA1_Channel5_IRQHandler
                0x08009f1c                EXTI4_IRQHandler
                0x08009f1c                USB_LP_CAN1_RX0_IRQHandler
                0x08009f1c                USB_HP_CAN1_TX_IRQHandler
                0x08009f1c                DMA1_Channel3_IRQHandler
                0x08009f1c                WWDG_IRQHandler
                0x08009f1c                TIM2_IRQHandler
                0x08009f1c                TIM1_BRK_IRQHandler
                0x08009f1c                EXTI1_IRQHandler
                0x08009f1c                USART2_IRQHandler
                0x08009f1c                I2C2_ER_IRQHandler
                0x08009f1c                DMA1_Channel2_IRQHandler
                0x08009f1c                CAN1_SCE_IRQHandler
                0x08009f1c                FLASH_IRQHandler
                0x08009f1c                BusFault_Handler
                0x08009f1c                USART1_IRQHandler
                0x08009f1c                I2C1_ER_IRQHandler
                0x08009f1c                USBWakeUp_IRQHandler
 .text          0x08009f1e        0x0 D:/arm-gnu-toolchain/arm-gnu-toolchain_/bin/../lib/gcc/arm-none-eabi/13.3.1/thumb/v7-m/nofp\libg_nano.a(libc_a-malloc.o)
 *fill*         0x08009f1e        0x2 
 .text.malloc   0x08009f20       0x10 D:/arm-gnu-toolchain/arm-gnu-toolchain_/bin/../lib/gcc/arm-none-eabi/13.3.1/thumb/v7-m/nofp\libg_nano.a(libc_a-malloc.o)
                0x08009f20                malloc
 .text.free     0x08009f30       0x10 D:/arm-gnu-toolchain/arm-gnu-toolchain_/bin/../lib/gcc/arm-none-eabi/13.3.1/thumb/v7-m/nofp\libg_nano.a(libc_a-malloc.o)
                0x08009f30                free
 .text          0x08009f40        0x0 D:/arm-gnu-toolchain/arm-gnu-toolchain_/bin/../lib/gcc/arm-none-eabi/13.3.1/thumb/v7-m/nofp\libg_nano.a(libc_a-mallocr.o)
 .text.sbrk_aligned
                0x08009f40       0x44 D:/arm-gnu-toolchain/arm-gnu-toolchain_/bin/../lib/gcc/arm-none-eabi/13.3.1/thumb/v7-m/nofp\libg_nano.a(libc_a-mallocr.o)
 .text._malloc_r
                0x08009f84      0x100 D:/arm-gnu-toolchain/arm-gnu-toolchain_/bin/../lib/gcc/arm-none-eabi/13.3.1/thumb/v7-m/nofp\libg_nano.a(libc_a-mallocr.o)
                0x08009f84                _malloc_r
 .text          0x0800a084        0x0 D:/arm-gnu-toolchain/arm-gnu-toolchain_/bin/../lib/gcc/arm-none-eabi/13.3.1/thumb/v7-m/nofp\libg_nano.a(libc_a-mlock.o)
 .text.__malloc_lock
                0x0800a084        0xc D:/arm-gnu-toolchain/arm-gnu-toolchain_/bin/../lib/gcc/arm-none-eabi/13.3.1/thumb/v7-m/nofp\libg_nano.a(libc_a-mlock.o)
                0x0800a084                __malloc_lock
 .text.__malloc_unlock
                0x0800a090        0xc D:/arm-gnu-toolchain/arm-gnu-toolchain_/bin/../lib/gcc/arm-none-eabi/13.3.1/thumb/v7-m/nofp\libg_nano.a(libc_a-mlock.o)
                0x0800a090                __malloc_unlock
 .text          0x0800a09c        0x0 D:/arm-gnu-toolchain/arm-gnu-toolchain_/bin/../lib/gcc/arm-none-eabi/13.3.1/thumb/v7-m/nofp\libg_nano.a(libc_a-realloc.o)
 .text.realloc  0x0800a09c       0x10 D:/arm-gnu-toolchain/arm-gnu-toolchain_/bin/../lib/gcc/arm-none-eabi/13.3.1/thumb/v7-m/nofp\libg_nano.a(libc_a-realloc.o)
                0x0800a09c                realloc
 .text          0x0800a0ac        0x0 D:/arm-gnu-toolchain/arm-gnu-toolchain_/bin/../lib/gcc/arm-none-eabi/13.3.1/thumb/v7-m/nofp\libg_nano.a(libc_a-reallocr.o)
 .text._realloc_r
                0x0800a0ac       0x5c D:/arm-gnu-toolchain/arm-gnu-toolchain_/bin/../lib/gcc/arm-none-eabi/13.3.1/thumb/v7-m/nofp\libg_nano.a(libc_a-reallocr.o)
                0x0800a0ac                _realloc_r
 .text          0x0800a108        0x0 D:/arm-gnu-toolchain/arm-gnu-toolchain_/bin/../lib/gcc/arm-none-eabi/13.3.1/thumb/v7-m/nofp\libg_nano.a(libc_a-fclose.o)
 .text._fclose_r
                0x0800a108       0xac D:/arm-gnu-toolchain/arm-gnu-toolchain_/bin/../lib/gcc/arm-none-eabi/13.3.1/thumb/v7-m/nofp\libg_nano.a(libc_a-fclose.o)
                0x0800a108                _fclose_r
 .text.fclose   0x0800a1b4       0x10 D:/arm-gnu-toolchain/arm-gnu-toolchain_/bin/../lib/gcc/arm-none-eabi/13.3.1/thumb/v7-m/nofp\libg_nano.a(libc_a-fclose.o)
                0x0800a1b4                fclose
 .text          0x0800a1c4        0x0 D:/arm-gnu-toolchain/arm-gnu-toolchain_/bin/../lib/gcc/arm-none-eabi/13.3.1/thumb/v7-m/nofp\libg_nano.a(libc_a-fflush.o)
 .text.__sflush_r
                0x0800a1c4      0x100 D:/arm-gnu-toolchain/arm-gnu-toolchain_/bin/../lib/gcc/arm-none-eabi/13.3.1/thumb/v7-m/nofp\libg_nano.a(libc_a-fflush.o)
                0x0800a1c4                __sflush_r
 .text._fflush_r
                0x0800a2c4       0x50 D:/arm-gnu-toolchain/arm-gnu-toolchain_/bin/../lib/gcc/arm-none-eabi/13.3.1/thumb/v7-m/nofp\libg_nano.a(libc_a-fflush.o)
                0x0800a2c4                _fflush_r
 .text.fflush   0x0800a314       0x28 D:/arm-gnu-toolchain/arm-gnu-toolchain_/bin/../lib/gcc/arm-none-eabi/13.3.1/thumb/v7-m/nofp\libg_nano.a(libc_a-fflush.o)
                0x0800a314                fflush
 .text          0x0800a33c        0x0 D:/arm-gnu-toolchain/arm-gnu-toolchain_/bin/../lib/gcc/arm-none-eabi/13.3.1/thumb/v7-m/nofp\libg_nano.a(libc_a-fgets.o)
 .text._fgets_r
                0x0800a33c       0xcc D:/arm-gnu-toolchain/arm-gnu-toolchain_/bin/../lib/gcc/arm-none-eabi/13.3.1/thumb/v7-m/nofp\libg_nano.a(libc_a-fgets.o)
                0x0800a33c                _fgets_r
 .text.fgets    0x0800a408       0x14 D:/arm-gnu-toolchain/arm-gnu-toolchain_/bin/../lib/gcc/arm-none-eabi/13.3.1/thumb/v7-m/nofp\libg_nano.a(libc_a-fgets.o)
                0x0800a408                fgets
 .text          0x0800a41c        0x0 D:/arm-gnu-toolchain/arm-gnu-toolchain_/bin/../lib/gcc/arm-none-eabi/13.3.1/thumb/v7-m/nofp\libg_nano.a(libc_a-findfp.o)
 .text.std      0x0800a41c       0x6c D:/arm-gnu-toolchain/arm-gnu-toolchain_/bin/../lib/gcc/arm-none-eabi/13.3.1/thumb/v7-m/nofp\libg_nano.a(libc_a-findfp.o)
 .text.stdio_exit_handler
                0x0800a488       0x18 D:/arm-gnu-toolchain/arm-gnu-toolchain_/bin/../lib/gcc/arm-none-eabi/13.3.1/thumb/v7-m/nofp\libg_nano.a(libc_a-findfp.o)
 .text.cleanup_stdio
                0x0800a4a0       0x40 D:/arm-gnu-toolchain/arm-gnu-toolchain_/bin/../lib/gcc/arm-none-eabi/13.3.1/thumb/v7-m/nofp\libg_nano.a(libc_a-findfp.o)
 .text.__fp_lock
                0x0800a4e0       0x18 D:/arm-gnu-toolchain/arm-gnu-toolchain_/bin/../lib/gcc/arm-none-eabi/13.3.1/thumb/v7-m/nofp\libg_nano.a(libc_a-findfp.o)
 .text.__fp_unlock
                0x0800a4f8       0x18 D:/arm-gnu-toolchain/arm-gnu-toolchain_/bin/../lib/gcc/arm-none-eabi/13.3.1/thumb/v7-m/nofp\libg_nano.a(libc_a-findfp.o)
 .text.global_stdio_init.part.0
                0x0800a510       0x3c D:/arm-gnu-toolchain/arm-gnu-toolchain_/bin/../lib/gcc/arm-none-eabi/13.3.1/thumb/v7-m/nofp\libg_nano.a(libc_a-findfp.o)
 .text.__sfp_lock_acquire
                0x0800a54c        0xc D:/arm-gnu-toolchain/arm-gnu-toolchain_/bin/../lib/gcc/arm-none-eabi/13.3.1/thumb/v7-m/nofp\libg_nano.a(libc_a-findfp.o)
                0x0800a54c                __sfp_lock_acquire
 .text.__sfp_lock_release
                0x0800a558        0xc D:/arm-gnu-toolchain/arm-gnu-toolchain_/bin/../lib/gcc/arm-none-eabi/13.3.1/thumb/v7-m/nofp\libg_nano.a(libc_a-findfp.o)
                0x0800a558                __sfp_lock_release
 .text.__sfp    0x0800a564       0xa4 D:/arm-gnu-toolchain/arm-gnu-toolchain_/bin/../lib/gcc/arm-none-eabi/13.3.1/thumb/v7-m/nofp\libg_nano.a(libc_a-findfp.o)
                0x0800a564                __sfp
 .text.__sinit  0x0800a608       0x30 D:/arm-gnu-toolchain/arm-gnu-toolchain_/bin/../lib/gcc/arm-none-eabi/13.3.1/thumb/v7-m/nofp\libg_nano.a(libc_a-findfp.o)
                0x0800a608                __sinit
 .text.__fp_lock_all
                0x0800a638       0x1c D:/arm-gnu-toolchain/arm-gnu-toolchain_/bin/../lib/gcc/arm-none-eabi/13.3.1/thumb/v7-m/nofp\libg_nano.a(libc_a-findfp.o)
                0x0800a638                __fp_lock_all
 .text.__fp_unlock_all
                0x0800a654       0x1c D:/arm-gnu-toolchain/arm-gnu-toolchain_/bin/../lib/gcc/arm-none-eabi/13.3.1/thumb/v7-m/nofp\libg_nano.a(libc_a-findfp.o)
                0x0800a654                __fp_unlock_all
 .text          0x0800a670        0x0 D:/arm-gnu-toolchain/arm-gnu-toolchain_/bin/../lib/gcc/arm-none-eabi/13.3.1/thumb/v7-m/nofp\libg_nano.a(libc_a-fopen.o)
 .text._fopen_r
                0x0800a670       0xa8 D:/arm-gnu-toolchain/arm-gnu-toolchain_/bin/../lib/gcc/arm-none-eabi/13.3.1/thumb/v7-m/nofp\libg_nano.a(libc_a-fopen.o)
                0x0800a670                _fopen_r
 .text.fopen    0x0800a718       0x10 D:/arm-gnu-toolchain/arm-gnu-toolchain_/bin/../lib/gcc/arm-none-eabi/13.3.1/thumb/v7-m/nofp\libg_nano.a(libc_a-fopen.o)
                0x0800a718                fopen
 .text          0x0800a728        0x0 D:/arm-gnu-toolchain/arm-gnu-toolchain_/bin/../lib/gcc/arm-none-eabi/13.3.1/thumb/v7-m/nofp\libg_nano.a(libc_a-fseek.o)
 .text._fseek_r
                0x0800a728        0x4 D:/arm-gnu-toolchain/arm-gnu-toolchain_/bin/../lib/gcc/arm-none-eabi/13.3.1/thumb/v7-m/nofp\libg_nano.a(libc_a-fseek.o)
                0x0800a728                _fseek_r
 .text.fseek    0x0800a72c       0x14 D:/arm-gnu-toolchain/arm-gnu-toolchain_/bin/../lib/gcc/arm-none-eabi/13.3.1/thumb/v7-m/nofp\libg_nano.a(libc_a-fseek.o)
                0x0800a72c                fseek
 .text          0x0800a740        0x0 D:/arm-gnu-toolchain/arm-gnu-toolchain_/bin/../lib/gcc/arm-none-eabi/13.3.1/thumb/v7-m/nofp\libg_nano.a(libc_a-fwalk.o)
 .text._fwalk_sglue
                0x0800a740       0x3c D:/arm-gnu-toolchain/arm-gnu-toolchain_/bin/../lib/gcc/arm-none-eabi/13.3.1/thumb/v7-m/nofp\libg_nano.a(libc_a-fwalk.o)
                0x0800a740                _fwalk_sglue
 .text          0x0800a77c        0x0 D:/arm-gnu-toolchain/arm-gnu-toolchain_/bin/../lib/gcc/arm-none-eabi/13.3.1/thumb/v7-m/nofp\libg_nano.a(libc_a-fwrite.o)
 .text._fwrite_r
                0x0800a77c       0x96 D:/arm-gnu-toolchain/arm-gnu-toolchain_/bin/../lib/gcc/arm-none-eabi/13.3.1/thumb/v7-m/nofp\libg_nano.a(libc_a-fwrite.o)
                0x0800a77c                _fwrite_r
 *fill*         0x0800a812        0x2 
 .text.fwrite   0x0800a814       0x1c D:/arm-gnu-toolchain/arm-gnu-toolchain_/bin/../lib/gcc/arm-none-eabi/13.3.1/thumb/v7-m/nofp\libg_nano.a(libc_a-fwrite.o)
                0x0800a814                fwrite
 .text          0x0800a830        0x0 D:/arm-gnu-toolchain/arm-gnu-toolchain_/bin/../lib/gcc/arm-none-eabi/13.3.1/thumb/v7-m/nofp\libg_nano.a(libc_a-refill.o)
 .text.lflush   0x0800a830       0x1c D:/arm-gnu-toolchain/arm-gnu-toolchain_/bin/../lib/gcc/arm-none-eabi/13.3.1/thumb/v7-m/nofp\libg_nano.a(libc_a-refill.o)
 .text.__srefill_r
                0x0800a84c       0xe8 D:/arm-gnu-toolchain/arm-gnu-toolchain_/bin/../lib/gcc/arm-none-eabi/13.3.1/thumb/v7-m/nofp\libg_nano.a(libc_a-refill.o)
                0x0800a84c                __srefill_r
 .text          0x0800a934        0x0 D:/arm-gnu-toolchain/arm-gnu-toolchain_/bin/../lib/gcc/arm-none-eabi/13.3.1/thumb/v7-m/nofp\libg_nano.a(libc_a-sprintf.o)
 .text._sprintf_r
                0x0800a934       0x3c D:/arm-gnu-toolchain/arm-gnu-toolchain_/bin/../lib/gcc/arm-none-eabi/13.3.1/thumb/v7-m/nofp\libg_nano.a(libc_a-sprintf.o)
                0x0800a934                _sprintf_r
                0x0800a934                _siprintf_r
 .text.sprintf  0x0800a970       0x44 D:/arm-gnu-toolchain/arm-gnu-toolchain_/bin/../lib/gcc/arm-none-eabi/13.3.1/thumb/v7-m/nofp\libg_nano.a(libc_a-sprintf.o)
                0x0800a970                siprintf
                0x0800a970                sprintf
 .text          0x0800a9b4        0x0 D:/arm-gnu-toolchain/arm-gnu-toolchain_/bin/../lib/gcc/arm-none-eabi/13.3.1/thumb/v7-m/nofp\libg_nano.a(libc_a-stdio.o)
 .text.__sread  0x0800a9b4       0x22 D:/arm-gnu-toolchain/arm-gnu-toolchain_/bin/../lib/gcc/arm-none-eabi/13.3.1/thumb/v7-m/nofp\libg_nano.a(libc_a-stdio.o)
                0x0800a9b4                __sread
 .text.__seofread
                0x0800a9d6        0x4 D:/arm-gnu-toolchain/arm-gnu-toolchain_/bin/../lib/gcc/arm-none-eabi/13.3.1/thumb/v7-m/nofp\libg_nano.a(libc_a-stdio.o)
                0x0800a9d6                __seofread
 .text.__swrite
                0x0800a9da       0x38 D:/arm-gnu-toolchain/arm-gnu-toolchain_/bin/../lib/gcc/arm-none-eabi/13.3.1/thumb/v7-m/nofp\libg_nano.a(libc_a-stdio.o)
                0x0800a9da                __swrite
 .text.__sseek  0x0800aa12       0x24 D:/arm-gnu-toolchain/arm-gnu-toolchain_/bin/../lib/gcc/arm-none-eabi/13.3.1/thumb/v7-m/nofp\libg_nano.a(libc_a-stdio.o)
                0x0800aa12                __sseek
 .text.__sclose
                0x0800aa36        0x8 D:/arm-gnu-toolchain/arm-gnu-toolchain_/bin/../lib/gcc/arm-none-eabi/13.3.1/thumb/v7-m/nofp\libg_nano.a(libc_a-stdio.o)
                0x0800aa36                __sclose
 .text          0x0800aa3e        0x0 D:/arm-gnu-toolchain/arm-gnu-toolchain_/bin/../lib/gcc/arm-none-eabi/13.3.1/thumb/v7-m/nofp\libg_nano.a(libc_a-wbuf.o)
 .text.__swbuf_r
                0x0800aa3e       0x7c D:/arm-gnu-toolchain/arm-gnu-toolchain_/bin/../lib/gcc/arm-none-eabi/13.3.1/thumb/v7-m/nofp\libg_nano.a(libc_a-wbuf.o)
                0x0800aa3e                __swbuf_r
 *fill*         0x0800aaba        0x2 
 .text.__swbuf  0x0800aabc       0x10 D:/arm-gnu-toolchain/arm-gnu-toolchain_/bin/../lib/gcc/arm-none-eabi/13.3.1/thumb/v7-m/nofp\libg_nano.a(libc_a-wbuf.o)
                0x0800aabc                __swbuf
 .text          0x0800aacc        0x0 D:/arm-gnu-toolchain/arm-gnu-toolchain_/bin/../lib/gcc/arm-none-eabi/13.3.1/thumb/v7-m/nofp\libg_nano.a(libc_a-wsetup.o)
 .text.__swsetup_r
                0x0800aacc       0xac D:/arm-gnu-toolchain/arm-gnu-toolchain_/bin/../lib/gcc/arm-none-eabi/13.3.1/thumb/v7-m/nofp\libg_nano.a(libc_a-wsetup.o)
                0x0800aacc                __swsetup_r
 .text          0x0800ab78        0x0 D:/arm-gnu-toolchain/arm-gnu-toolchain_/bin/../lib/gcc/arm-none-eabi/13.3.1/thumb/v7-m/nofp\libg_nano.a(libc_a-fseeko.o)
 .text._fseeko_r
                0x0800ab78      0x12e D:/arm-gnu-toolchain/arm-gnu-toolchain_/bin/../lib/gcc/arm-none-eabi/13.3.1/thumb/v7-m/nofp\libg_nano.a(libc_a-fseeko.o)
                0x0800ab78                _fseeko_r
 *fill*         0x0800aca6        0x2 
 .text.fseeko   0x0800aca8       0x14 D:/arm-gnu-toolchain/arm-gnu-toolchain_/bin/../lib/gcc/arm-none-eabi/13.3.1/thumb/v7-m/nofp\libg_nano.a(libc_a-fseeko.o)
                0x0800aca8                fseeko
 .text          0x0800acbc        0x0 D:/arm-gnu-toolchain/arm-gnu-toolchain_/bin/../lib/gcc/arm-none-eabi/13.3.1/thumb/v7-m/nofp\libg_nano.a(libc_a-memset.o)
 .text.memset   0x0800acbc       0x10 D:/arm-gnu-toolchain/arm-gnu-toolchain_/bin/../lib/gcc/arm-none-eabi/13.3.1/thumb/v7-m/nofp\libg_nano.a(libc_a-memset.o)
                0x0800acbc                memset
 .text          0x0800accc        0x0 D:/arm-gnu-toolchain/arm-gnu-toolchain_/bin/../lib/gcc/arm-none-eabi/13.3.1/thumb/v7-m/nofp\libg_nano.a(libc_a-strtok.o)
 .text.strtok   0x0800accc       0x68 D:/arm-gnu-toolchain/arm-gnu-toolchain_/bin/../lib/gcc/arm-none-eabi/13.3.1/thumb/v7-m/nofp\libg_nano.a(libc_a-strtok.o)
                0x0800accc                strtok
 .text          0x0800ad34        0x0 D:/arm-gnu-toolchain/arm-gnu-toolchain_/bin/../lib/gcc/arm-none-eabi/13.3.1/thumb/v7-m/nofp\libg_nano.a(libc_a-strtok_r.o)
 .text.__strtok_r
                0x0800ad34       0x50 D:/arm-gnu-toolchain/arm-gnu-toolchain_/bin/../lib/gcc/arm-none-eabi/13.3.1/thumb/v7-m/nofp\libg_nano.a(libc_a-strtok_r.o)
                0x0800ad34                __strtok_r
 .text.strtok_r
                0x0800ad84        0x6 D:/arm-gnu-toolchain/arm-gnu-toolchain_/bin/../lib/gcc/arm-none-eabi/13.3.1/thumb/v7-m/nofp\libg_nano.a(libc_a-strtok_r.o)
                0x0800ad84                strtok_r
 .text          0x0800ad8a        0x0 D:/arm-gnu-toolchain/arm-gnu-toolchain_/bin/../lib/gcc/arm-none-eabi/13.3.1/thumb/v7-m/nofp\libg_nano.a(libc_a-closer.o)
 *fill*         0x0800ad8a        0x2 
 .text._close_r
                0x0800ad8c       0x20 D:/arm-gnu-toolchain/arm-gnu-toolchain_/bin/../lib/gcc/arm-none-eabi/13.3.1/thumb/v7-m/nofp\libg_nano.a(libc_a-closer.o)
                0x0800ad8c                _close_r
 .text          0x0800adac        0x0 D:/arm-gnu-toolchain/arm-gnu-toolchain_/bin/../lib/gcc/arm-none-eabi/13.3.1/thumb/v7-m/nofp\libg_nano.a(libc_a-reent.o)
 .text._reclaim_reent
                0x0800adac       0xbc D:/arm-gnu-toolchain/arm-gnu-toolchain_/bin/../lib/gcc/arm-none-eabi/13.3.1/thumb/v7-m/nofp\libg_nano.a(libc_a-reent.o)
                0x0800adac                _reclaim_reent
 .text          0x0800ae68        0x0 D:/arm-gnu-toolchain/arm-gnu-toolchain_/bin/../lib/gcc/arm-none-eabi/13.3.1/thumb/v7-m/nofp\libg_nano.a(libc_a-impure.o)
 .text          0x0800ae68        0x0 D:/arm-gnu-toolchain/arm-gnu-toolchain_/bin/../lib/gcc/arm-none-eabi/13.3.1/thumb/v7-m/nofp\libg_nano.a(libc_a-lseekr.o)
 .text._lseek_r
                0x0800ae68       0x24 D:/arm-gnu-toolchain/arm-gnu-toolchain_/bin/../lib/gcc/arm-none-eabi/13.3.1/thumb/v7-m/nofp\libg_nano.a(libc_a-lseekr.o)
                0x0800ae68                _lseek_r
 .text          0x0800ae8c        0x0 D:/arm-gnu-toolchain/arm-gnu-toolchain_/bin/../lib/gcc/arm-none-eabi/13.3.1/thumb/v7-m/nofp\libg_nano.a(libc_a-openr.o)
 .text._open_r  0x0800ae8c       0x24 D:/arm-gnu-toolchain/arm-gnu-toolchain_/bin/../lib/gcc/arm-none-eabi/13.3.1/thumb/v7-m/nofp\libg_nano.a(libc_a-openr.o)
                0x0800ae8c                _open_r
 .text          0x0800aeb0        0x0 D:/arm-gnu-toolchain/arm-gnu-toolchain_/bin/../lib/gcc/arm-none-eabi/13.3.1/thumb/v7-m/nofp\libg_nano.a(libc_a-readr.o)
 .text._read_r  0x0800aeb0       0x24 D:/arm-gnu-toolchain/arm-gnu-toolchain_/bin/../lib/gcc/arm-none-eabi/13.3.1/thumb/v7-m/nofp\libg_nano.a(libc_a-readr.o)
                0x0800aeb0                _read_r
 .text          0x0800aed4        0x0 D:/arm-gnu-toolchain/arm-gnu-toolchain_/bin/../lib/gcc/arm-none-eabi/13.3.1/thumb/v7-m/nofp\libg_nano.a(libc_a-sbrkr.o)
 .text._sbrk_r  0x0800aed4       0x20 D:/arm-gnu-toolchain/arm-gnu-toolchain_/bin/../lib/gcc/arm-none-eabi/13.3.1/thumb/v7-m/nofp\libg_nano.a(libc_a-sbrkr.o)
                0x0800aed4                _sbrk_r
 .text          0x0800aef4        0x0 D:/arm-gnu-toolchain/arm-gnu-toolchain_/bin/../lib/gcc/arm-none-eabi/13.3.1/thumb/v7-m/nofp\libg_nano.a(libc_a-writer.o)
 .text._write_r
                0x0800aef4       0x24 D:/arm-gnu-toolchain/arm-gnu-toolchain_/bin/../lib/gcc/arm-none-eabi/13.3.1/thumb/v7-m/nofp\libg_nano.a(libc_a-writer.o)
                0x0800aef4                _write_r
 .text          0x0800af18        0x0 D:/arm-gnu-toolchain/arm-gnu-toolchain_/bin/../lib/gcc/arm-none-eabi/13.3.1/thumb/v7-m/nofp\libg_nano.a(libc_a-errno.o)
 .text.__errno  0x0800af18        0xc D:/arm-gnu-toolchain/arm-gnu-toolchain_/bin/../lib/gcc/arm-none-eabi/13.3.1/thumb/v7-m/nofp\libg_nano.a(libc_a-errno.o)
                0x0800af18                __errno
 .text          0x0800af24        0x0 D:/arm-gnu-toolchain/arm-gnu-toolchain_/bin/../lib/gcc/arm-none-eabi/13.3.1/thumb/v7-m/nofp\libg_nano.a(libc_a-init.o)
 .text.__libc_init_array
                0x0800af24       0x48 D:/arm-gnu-toolchain/arm-gnu-toolchain_/bin/../lib/gcc/arm-none-eabi/13.3.1/thumb/v7-m/nofp\libg_nano.a(libc_a-init.o)
                0x0800af24                __libc_init_array
 .text          0x0800af6c        0x0 D:/arm-gnu-toolchain/arm-gnu-toolchain_/bin/../lib/gcc/arm-none-eabi/13.3.1/thumb/v7-m/nofp\libg_nano.a(libc_a-lock.o)
 .text.__retarget_lock_init
                0x0800af6c        0x2 D:/arm-gnu-toolchain/arm-gnu-toolchain_/bin/../lib/gcc/arm-none-eabi/13.3.1/thumb/v7-m/nofp\libg_nano.a(libc_a-lock.o)
                0x0800af6c                __retarget_lock_init
 .text.__retarget_lock_init_recursive
                0x0800af6e        0x2 D:/arm-gnu-toolchain/arm-gnu-toolchain_/bin/../lib/gcc/arm-none-eabi/13.3.1/thumb/v7-m/nofp\libg_nano.a(libc_a-lock.o)
                0x0800af6e                __retarget_lock_init_recursive
 .text.__retarget_lock_close
                0x0800af70        0x2 D:/arm-gnu-toolchain/arm-gnu-toolchain_/bin/../lib/gcc/arm-none-eabi/13.3.1/thumb/v7-m/nofp\libg_nano.a(libc_a-lock.o)
                0x0800af70                __retarget_lock_close
 .text.__retarget_lock_close_recursive
                0x0800af72        0x2 D:/arm-gnu-toolchain/arm-gnu-toolchain_/bin/../lib/gcc/arm-none-eabi/13.3.1/thumb/v7-m/nofp\libg_nano.a(libc_a-lock.o)
                0x0800af72                __retarget_lock_close_recursive
 .text.__retarget_lock_acquire
                0x0800af74        0x2 D:/arm-gnu-toolchain/arm-gnu-toolchain_/bin/../lib/gcc/arm-none-eabi/13.3.1/thumb/v7-m/nofp\libg_nano.a(libc_a-lock.o)
                0x0800af74                __retarget_lock_acquire
 .text.__retarget_lock_acquire_recursive
                0x0800af76        0x2 D:/arm-gnu-toolchain/arm-gnu-toolchain_/bin/../lib/gcc/arm-none-eabi/13.3.1/thumb/v7-m/nofp\libg_nano.a(libc_a-lock.o)
                0x0800af76                __retarget_lock_acquire_recursive
 .text.__retarget_lock_try_acquire
                0x0800af78        0x4 D:/arm-gnu-toolchain/arm-gnu-toolchain_/bin/../lib/gcc/arm-none-eabi/13.3.1/thumb/v7-m/nofp\libg_nano.a(libc_a-lock.o)
                0x0800af78                __retarget_lock_try_acquire
 .text.__retarget_lock_try_acquire_recursive
                0x0800af7c        0x4 D:/arm-gnu-toolchain/arm-gnu-toolchain_/bin/../lib/gcc/arm-none-eabi/13.3.1/thumb/v7-m/nofp\libg_nano.a(libc_a-lock.o)
                0x0800af7c                __retarget_lock_try_acquire_recursive
 .text.__retarget_lock_release
                0x0800af80        0x2 D:/arm-gnu-toolchain/arm-gnu-toolchain_/bin/../lib/gcc/arm-none-eabi/13.3.1/thumb/v7-m/nofp\libg_nano.a(libc_a-lock.o)
                0x0800af80                __retarget_lock_release
 .text.__retarget_lock_release_recursive
                0x0800af82        0x2 D:/arm-gnu-toolchain/arm-gnu-toolchain_/bin/../lib/gcc/arm-none-eabi/13.3.1/thumb/v7-m/nofp\libg_nano.a(libc_a-lock.o)
                0x0800af82                __retarget_lock_release_recursive
 .text          0x0800af84       0x14 D:/arm-gnu-toolchain/arm-gnu-toolchain_/bin/../lib/gcc/arm-none-eabi/13.3.1/thumb/v7-m/nofp\libg_nano.a(libc_a-strcmp.o)
                0x0800af84                strcmp
 .text          0x0800af98        0x0 D:/arm-gnu-toolchain/arm-gnu-toolchain_/bin/../lib/gcc/arm-none-eabi/13.3.1/thumb/v7-m/nofp\libg_nano.a(libc_a-strcpy.o)
 .text.strcpy   0x0800af98       0x10 D:/arm-gnu-toolchain/arm-gnu-toolchain_/bin/../lib/gcc/arm-none-eabi/13.3.1/thumb/v7-m/nofp\libg_nano.a(libc_a-strcpy.o)
                0x0800af98                strcpy
 .text          0x0800afa8        0x0 D:/arm-gnu-toolchain/arm-gnu-toolchain_/bin/../lib/gcc/arm-none-eabi/13.3.1/thumb/v7-m/nofp\libg_nano.a(libc_a-memchr-stub.o)
 .text.memchr   0x0800afa8       0x1c D:/arm-gnu-toolchain/arm-gnu-toolchain_/bin/../lib/gcc/arm-none-eabi/13.3.1/thumb/v7-m/nofp\libg_nano.a(libc_a-memchr-stub.o)
                0x0800afa8                memchr
 .text          0x0800afc4        0x0 D:/arm-gnu-toolchain/arm-gnu-toolchain_/bin/../lib/gcc/arm-none-eabi/13.3.1/thumb/v7-m/nofp\libg_nano.a(libc_a-memcpy-stub.o)
 .text.memcpy   0x0800afc4       0x1c D:/arm-gnu-toolchain/arm-gnu-toolchain_/bin/../lib/gcc/arm-none-eabi/13.3.1/thumb/v7-m/nofp\libg_nano.a(libc_a-memcpy-stub.o)
                0x0800afc4                memcpy
 .text          0x0800afe0       0x10 D:/arm-gnu-toolchain/arm-gnu-toolchain_/bin/../lib/gcc/arm-none-eabi/13.3.1/thumb/v7-m/nofp\libg_nano.a(libc_a-strlen.o)
                0x0800afe0                strlen
 .text          0x0800aff0        0x0 D:/arm-gnu-toolchain/arm-gnu-toolchain_/bin/../lib/gcc/arm-none-eabi/13.3.1/thumb/v7-m/nofp\libg_nano.a(libc_a-assert.o)
 .text.__assert_func
                0x0800aff0       0x3c D:/arm-gnu-toolchain/arm-gnu-toolchain_/bin/../lib/gcc/arm-none-eabi/13.3.1/thumb/v7-m/nofp\libg_nano.a(libc_a-assert.o)
                0x0800aff0                __assert_func
 .text.__assert
                0x0800b02c        0xa D:/arm-gnu-toolchain/arm-gnu-toolchain_/bin/../lib/gcc/arm-none-eabi/13.3.1/thumb/v7-m/nofp\libg_nano.a(libc_a-assert.o)
                0x0800b02c                __assert
 .text          0x0800b036        0x0 D:/arm-gnu-toolchain/arm-gnu-toolchain_/bin/../lib/gcc/arm-none-eabi/13.3.1/thumb/v7-m/nofp\libg_nano.a(libc_a-freer.o)
 *fill*         0x0800b036        0x2 
 .text._free_r  0x0800b038       0x90 D:/arm-gnu-toolchain/arm-gnu-toolchain_/bin/../lib/gcc/arm-none-eabi/13.3.1/thumb/v7-m/nofp\libg_nano.a(libc_a-freer.o)
                0x0800b038                _free_r
 .text          0x0800b0c8        0x0 D:/arm-gnu-toolchain/arm-gnu-toolchain_/bin/../lib/gcc/arm-none-eabi/13.3.1/thumb/v7-m/nofp\libg_nano.a(libc_a-msizer.o)
 .text._malloc_usable_size_r
                0x0800b0c8       0x10 D:/arm-gnu-toolchain/arm-gnu-toolchain_/bin/../lib/gcc/arm-none-eabi/13.3.1/thumb/v7-m/nofp\libg_nano.a(libc_a-msizer.o)
                0x0800b0c8                _malloc_usable_size_r
 .text          0x0800b0d8        0x0 D:/arm-gnu-toolchain/arm-gnu-toolchain_/bin/../lib/gcc/arm-none-eabi/13.3.1/thumb/v7-m/nofp\libg_nano.a(libc_a-nano-svfprintf.o)
 .text.__ssputs_r
                0x0800b0d8       0xb6 D:/arm-gnu-toolchain/arm-gnu-toolchain_/bin/../lib/gcc/arm-none-eabi/13.3.1/thumb/v7-m/nofp\libg_nano.a(libc_a-nano-svfprintf.o)
                0x0800b0d8                __ssputs_r
 .text.__ssprint_r
                0x0800b18e       0xfa D:/arm-gnu-toolchain/arm-gnu-toolchain_/bin/../lib/gcc/arm-none-eabi/13.3.1/thumb/v7-m/nofp\libg_nano.a(libc_a-nano-svfprintf.o)
                0x0800b18e                __ssprint_r
 .text._svfprintf_r
                0x0800b288      0x1f8 D:/arm-gnu-toolchain/arm-gnu-toolchain_/bin/../lib/gcc/arm-none-eabi/13.3.1/thumb/v7-m/nofp\libg_nano.a(libc_a-nano-svfprintf.o)
                0x0800b288                _svfiprintf_r
                0x0800b288                _svfprintf_r
 .text          0x0800b480        0x0 D:/arm-gnu-toolchain/arm-gnu-toolchain_/bin/../lib/gcc/arm-none-eabi/13.3.1/thumb/v7-m/nofp\libg_nano.a(libc_a-nano-vfprintf_i.o)
 .text._printf_common
                0x0800b480       0xe4 D:/arm-gnu-toolchain/arm-gnu-toolchain_/bin/../lib/gcc/arm-none-eabi/13.3.1/thumb/v7-m/nofp\libg_nano.a(libc_a-nano-vfprintf_i.o)
                0x0800b480                _printf_common
 .text._printf_i
                0x0800b564      0x23c D:/arm-gnu-toolchain/arm-gnu-toolchain_/bin/../lib/gcc/arm-none-eabi/13.3.1/thumb/v7-m/nofp\libg_nano.a(libc_a-nano-vfprintf_i.o)
                0x0800b564                _printf_i
 .text          0x0800b7a0        0x0 D:/arm-gnu-toolchain/arm-gnu-toolchain_/bin/../lib/gcc/arm-none-eabi/13.3.1/thumb/v7-m/nofp\libg_nano.a(libc_a-flags.o)
 .text.__sflags
                0x0800b7a0       0x6c D:/arm-gnu-toolchain/arm-gnu-toolchain_/bin/../lib/gcc/arm-none-eabi/13.3.1/thumb/v7-m/nofp\libg_nano.a(libc_a-flags.o)
                0x0800b7a0                __sflags
 .text          0x0800b80c        0x0 D:/arm-gnu-toolchain/arm-gnu-toolchain_/bin/../lib/gcc/arm-none-eabi/13.3.1/thumb/v7-m/nofp\libg_nano.a(libc_a-fprintf.o)
 .text._fprintf_r
                0x0800b80c       0x1a D:/arm-gnu-toolchain/arm-gnu-toolchain_/bin/../lib/gcc/arm-none-eabi/13.3.1/thumb/v7-m/nofp\libg_nano.a(libc_a-fprintf.o)
                0x0800b80c                _fiprintf_r
                0x0800b80c                _fprintf_r
 *fill*         0x0800b826        0x2 
 .text.fprintf  0x0800b828       0x24 D:/arm-gnu-toolchain/arm-gnu-toolchain_/bin/../lib/gcc/arm-none-eabi/13.3.1/thumb/v7-m/nofp\libg_nano.a(libc_a-fprintf.o)
                0x0800b828                fiprintf
                0x0800b828                fprintf
 .text          0x0800b84c        0x0 D:/arm-gnu-toolchain/arm-gnu-toolchain_/bin/../lib/gcc/arm-none-eabi/13.3.1/thumb/v7-m/nofp\libg_nano.a(libc_a-makebuf.o)
 .text.__swhatbuf_r
                0x0800b84c       0x4a D:/arm-gnu-toolchain/arm-gnu-toolchain_/bin/../lib/gcc/arm-none-eabi/13.3.1/thumb/v7-m/nofp\libg_nano.a(libc_a-makebuf.o)
                0x0800b84c                __swhatbuf_r
 .text.__smakebuf_r
                0x0800b896       0x78 D:/arm-gnu-toolchain/arm-gnu-toolchain_/bin/../lib/gcc/arm-none-eabi/13.3.1/thumb/v7-m/nofp\libg_nano.a(libc_a-makebuf.o)
                0x0800b896                __smakebuf_r
 .text          0x0800b90e        0x0 D:/arm-gnu-toolchain/arm-gnu-toolchain_/bin/../lib/gcc/arm-none-eabi/13.3.1/thumb/v7-m/nofp\libg_nano.a(libc_a-memmove.o)
 .text.memmove  0x0800b90e       0x34 D:/arm-gnu-toolchain/arm-gnu-toolchain_/bin/../lib/gcc/arm-none-eabi/13.3.1/thumb/v7-m/nofp\libg_nano.a(libc_a-memmove.o)
                0x0800b90e                memmove
 .text          0x0800b942        0x0 D:/arm-gnu-toolchain/arm-gnu-toolchain_/bin/../lib/gcc/arm-none-eabi/13.3.1/thumb/v7-m/nofp\libg_nano.a(libc_a-fstatr.o)
 *fill*         0x0800b942        0x2 
 .text._fstat_r
                0x0800b944       0x24 D:/arm-gnu-toolchain/arm-gnu-toolchain_/bin/../lib/gcc/arm-none-eabi/13.3.1/thumb/v7-m/nofp\libg_nano.a(libc_a-fstatr.o)
                0x0800b944                _fstat_r
 .text          0x0800b968        0x0 D:/arm-gnu-toolchain/arm-gnu-toolchain_/bin/../lib/gcc/arm-none-eabi/13.3.1/thumb/v7-m/nofp\libg_nano.a(libc_a-isattyr.o)
 .text._isatty_r
                0x0800b968       0x20 D:/arm-gnu-toolchain/arm-gnu-toolchain_/bin/../lib/gcc/arm-none-eabi/13.3.1/thumb/v7-m/nofp\libg_nano.a(libc_a-isattyr.o)
                0x0800b968                _isatty_r
 .text          0x0800b988        0x0 D:/arm-gnu-toolchain/arm-gnu-toolchain_/bin/../lib/gcc/arm-none-eabi/13.3.1/thumb/v7-m/nofp\libg_nano.a(libc_a-abort.o)
 .text.abort    0x0800b988        0xe D:/arm-gnu-toolchain/arm-gnu-toolchain_/bin/../lib/gcc/arm-none-eabi/13.3.1/thumb/v7-m/nofp\libg_nano.a(libc_a-abort.o)
                0x0800b988                abort
 .text          0x0800b996        0x0 D:/arm-gnu-toolchain/arm-gnu-toolchain_/bin/../lib/gcc/arm-none-eabi/13.3.1/thumb/v7-m/nofp\libg_nano.a(libc_a-nano-vfprintf.o)
 .text.__sfputc_r
                0x0800b996       0x2a D:/arm-gnu-toolchain/arm-gnu-toolchain_/bin/../lib/gcc/arm-none-eabi/13.3.1/thumb/v7-m/nofp\libg_nano.a(libc_a-nano-vfprintf.o)
 .text.__sfputs_r
                0x0800b9c0       0x24 D:/arm-gnu-toolchain/arm-gnu-toolchain_/bin/../lib/gcc/arm-none-eabi/13.3.1/thumb/v7-m/nofp\libg_nano.a(libc_a-nano-vfprintf.o)
                0x0800b9c0                __sfputs_r
 .text.__sprint_r
                0x0800b9e4       0x1a D:/arm-gnu-toolchain/arm-gnu-toolchain_/bin/../lib/gcc/arm-none-eabi/13.3.1/thumb/v7-m/nofp\libg_nano.a(libc_a-nano-vfprintf.o)
                0x0800b9e4                __sprint_r
 *fill*         0x0800b9fe        0x2 
 .text._vfprintf_r
                0x0800ba00      0x230 D:/arm-gnu-toolchain/arm-gnu-toolchain_/bin/../lib/gcc/arm-none-eabi/13.3.1/thumb/v7-m/nofp\libg_nano.a(libc_a-nano-vfprintf.o)
                0x0800ba00                _vfprintf_r
                0x0800ba00                _vfiprintf_r
 .text.vfprintf
                0x0800bc30       0x14 D:/arm-gnu-toolchain/arm-gnu-toolchain_/bin/../lib/gcc/arm-none-eabi/13.3.1/thumb/v7-m/nofp\libg_nano.a(libc_a-nano-vfprintf.o)
                0x0800bc30                vfprintf
                0x0800bc30                vfiprintf
 .text          0x0800bc44        0x0 D:/arm-gnu-toolchain/arm-gnu-toolchain_/bin/../lib/gcc/arm-none-eabi/13.3.1/thumb/v7-m/nofp\libg_nano.a(libc_a-fvwrite.o)
 .text.__sfvwrite_r
                0x0800bc44      0x298 D:/arm-gnu-toolchain/arm-gnu-toolchain_/bin/../lib/gcc/arm-none-eabi/13.3.1/thumb/v7-m/nofp\libg_nano.a(libc_a-fvwrite.o)
                0x0800bc44                __sfvwrite_r
 .text          0x0800bedc        0x0 D:/arm-gnu-toolchain/arm-gnu-toolchain_/bin/../lib/gcc/arm-none-eabi/13.3.1/thumb/v7-m/nofp\libg_nano.a(libc_a-signal.o)
 .text._init_signal_r
                0x0800bedc       0x28 D:/arm-gnu-toolchain/arm-gnu-toolchain_/bin/../lib/gcc/arm-none-eabi/13.3.1/thumb/v7-m/nofp\libg_nano.a(libc_a-signal.o)
                0x0800bedc                _init_signal_r
 .text._signal_r
                0x0800bf04       0x30 D:/arm-gnu-toolchain/arm-gnu-toolchain_/bin/../lib/gcc/arm-none-eabi/13.3.1/thumb/v7-m/nofp\libg_nano.a(libc_a-signal.o)
                0x0800bf04                _signal_r
 .text._raise_r
                0x0800bf34       0x50 D:/arm-gnu-toolchain/arm-gnu-toolchain_/bin/../lib/gcc/arm-none-eabi/13.3.1/thumb/v7-m/nofp\libg_nano.a(libc_a-signal.o)
                0x0800bf34                _raise_r
 .text.__sigtramp_r
                0x0800bf84       0x48 D:/arm-gnu-toolchain/arm-gnu-toolchain_/bin/../lib/gcc/arm-none-eabi/13.3.1/thumb/v7-m/nofp\libg_nano.a(libc_a-signal.o)
                0x0800bf84                __sigtramp_r
 .text.raise    0x0800bfcc       0x10 D:/arm-gnu-toolchain/arm-gnu-toolchain_/bin/../lib/gcc/arm-none-eabi/13.3.1/thumb/v7-m/nofp\libg_nano.a(libc_a-signal.o)
                0x0800bfcc                raise
 .text.signal   0x0800bfdc       0x10 D:/arm-gnu-toolchain/arm-gnu-toolchain_/bin/../lib/gcc/arm-none-eabi/13.3.1/thumb/v7-m/nofp\libg_nano.a(libc_a-signal.o)
                0x0800bfdc                signal
 .text._init_signal
                0x0800bfec        0xc D:/arm-gnu-toolchain/arm-gnu-toolchain_/bin/../lib/gcc/arm-none-eabi/13.3.1/thumb/v7-m/nofp\libg_nano.a(libc_a-signal.o)
                0x0800bfec                _init_signal
 .text.__sigtramp
                0x0800bff8       0x10 D:/arm-gnu-toolchain/arm-gnu-toolchain_/bin/../lib/gcc/arm-none-eabi/13.3.1/thumb/v7-m/nofp\libg_nano.a(libc_a-signal.o)
                0x0800bff8                __sigtramp
 .text          0x0800c008        0x0 D:/arm-gnu-toolchain/arm-gnu-toolchain_/bin/../lib/gcc/arm-none-eabi/13.3.1/thumb/v7-m/nofp\libg_nano.a(libc_a-signalr.o)
 .text._kill_r  0x0800c008       0x24 D:/arm-gnu-toolchain/arm-gnu-toolchain_/bin/../lib/gcc/arm-none-eabi/13.3.1/thumb/v7-m/nofp\libg_nano.a(libc_a-signalr.o)
                0x0800c008                _kill_r
 .text._getpid_r
                0x0800c02c        0x4 D:/arm-gnu-toolchain/arm-gnu-toolchain_/bin/../lib/gcc/arm-none-eabi/13.3.1/thumb/v7-m/nofp\libg_nano.a(libc_a-signalr.o)
                0x0800c02c                _getpid_r
 *(.rodata*)
 .rodata        0x0800c030       0x14 Object/stm32f10x_rcc.o
 .rodata        0x0800c044       0xba Object/display.o
 *fill*         0x0800c0fe        0x2 
 .rodata        0x0800c100       0x56 Object/RFID_Scan.o
 *fill*         0x0800c156        0x2 
 .rodata        0x0800c158      0x366 Object/SdCard_Read.o
 *fill*         0x0800c4be        0x2 
 .rodata        0x0800c4c0       0x10 Object/system_stm32f10x.o
                0x0800c4c0                AHBPrescTable
 .rodata        0x0800c4d0       0xa8 Object/usbttl.o
 .rodata.strtok.str1.1
                0x0800c578       0xe1 D:/arm-gnu-toolchain/arm-gnu-toolchain_/bin/../lib/gcc/arm-none-eabi/13.3.1/thumb/v7-m/nofp\libg_nano.a(libc_a-strtok.o)
                                 0x72 (size before relaxing)
 .rodata.__assert_func.str1.1
                0x0800c659       0x3d D:/arm-gnu-toolchain/arm-gnu-toolchain_/bin/../lib/gcc/arm-none-eabi/13.3.1/thumb/v7-m/nofp\libg_nano.a(libc_a-assert.o)
 .rodata._svfprintf_r.str1.1
                0x0800c659       0x11 D:/arm-gnu-toolchain/arm-gnu-toolchain_/bin/../lib/gcc/arm-none-eabi/13.3.1/thumb/v7-m/nofp\libg_nano.a(libc_a-nano-svfprintf.o)
 .rodata._printf_i.str1.1
                0x0800c659       0x22 D:/arm-gnu-toolchain/arm-gnu-toolchain_/bin/../lib/gcc/arm-none-eabi/13.3.1/thumb/v7-m/nofp\libg_nano.a(libc_a-nano-vfprintf_i.o)
 .rodata._vfprintf_r.str1.1
                0x0800c659       0x11 D:/arm-gnu-toolchain/arm-gnu-toolchain_/bin/../lib/gcc/arm-none-eabi/13.3.1/thumb/v7-m/nofp\libg_nano.a(libc_a-nano-vfprintf.o)
 *(.eh_frame)
 *fill*         0x0800c659        0x3 
 .eh_frame      0x0800c65c       0x28 D:/arm-gnu-toolchain/arm-gnu-toolchain_/bin/../lib/gcc/arm-none-eabi/13.3.1/thumb/v7-m/nofp\libg_nano.a(libc_a-strlen.o)
 *(.ARM.exidx*)
 .ARM.exidx     0x0800c684        0x8 D:/arm-gnu-toolchain/arm-gnu-toolchain_/bin/../lib/gcc/arm-none-eabi/13.3.1/thumb/v7-m/nofp\libg_nano.a(libc_a-strcmp.o)
 .ARM.exidx     0x0800c68c        0x0 D:/arm-gnu-toolchain/arm-gnu-toolchain_/bin/../lib/gcc/arm-none-eabi/13.3.1/thumb/v7-m/nofp\libg_nano.a(libc_a-strlen.o)
                                  0x8 (size before relaxing)
 *(.init)
 *(.fini)

.ARM.extab      0x0800c68c        0x0
 .ARM.extab     0x0800c68c        0x0 D:/arm-gnu-toolchain/arm-gnu-toolchain_/bin/../lib/gcc/arm-none-eabi/13.3.1/thumb/v7-m/nofp\libg_nano.a(libc_a-strcmp.o)
 .ARM.extab     0x0800c68c        0x0 D:/arm-gnu-toolchain/arm-gnu-toolchain_/bin/../lib/gcc/arm-none-eabi/13.3.1/thumb/v7-m/nofp\libg_nano.a(libc_a-strlen.o)

.glue_7         0x0800c68c        0x0
 .glue_7        0x0800c68c        0x0 linker stubs

.glue_7t        0x0800c68c        0x0
 .glue_7t       0x0800c68c        0x0 linker stubs

.vfp11_veneer   0x0800c68c        0x0
 .vfp11_veneer  0x0800c68c        0x0 linker stubs

.v4_bx          0x0800c68c        0x0
 .v4_bx         0x0800c68c        0x0 linker stubs

.iplt           0x0800c68c        0x0
 .iplt          0x0800c68c        0x0 Object/stm32f10x_adc.o

.rel.dyn        0x0800c68c        0x0
 .rel.iplt      0x0800c68c        0x0 Object/stm32f10x_adc.o

.data           0x20000000       0xa8 load address 0x0800c68c
                0x20000000                        _sdata = .
 *(.data*)
 .data          0x20000000        0x0 Object/misc.o
 .data          0x20000000        0x0 Object/stm32f10x_adc.o
 .data          0x20000000        0x0 Object/stm32f10x_can.o
 .data          0x20000000        0x0 Object/stm32f10x_dma.o
 .data          0x20000000        0x0 Object/stm32f10x_exti.o
 .data          0x20000000        0x0 Object/stm32f10x_flash.o
 .data          0x20000000        0x0 Object/stm32f10x_gpio.o
 .data          0x20000000        0x0 Object/stm32f10x_i2c.o
 .data          0x20000000        0x0 Object/stm32f10x_pwr.o
 .data          0x20000000        0x0 Object/stm32f10x_rcc.o
 .data          0x20000000        0x0 Object/stm32f10x_sdio.o
 .data          0x20000000        0x0 Object/stm32f10x_spi.o
 .data          0x20000000        0x0 Object/stm32f10x_tim.o
 .data          0x20000000        0x0 Object/stm32f10x_usart.o
 .data          0x20000000        0x0 Object/stm32f1_spl_i2c.o
 .data          0x20000000        0x0 Object/stm32f1_spl_spi.o
 .data          0x20000000        0x0 Object/stm32f1_spl_usart.o
 .data          0x20000000        0x0 Object/ClkCfg.o
 .data          0x20000000        0x2 Object/control_output.o
                0x20000000                DeviceStatusCfg
 .data          0x20000002        0x0 Object/display.o
 .data          0x20000002        0x0 Object/main.o
 *fill*         0x20000002        0x2 
 .data          0x20000004       0x3d Object/RFID_Scan.o
                0x20000004                block
                0x20000005                total_uid
                0x20000008                list_uid
                0x20000010                license_list
 .data          0x20000041        0x0 Object/SdCard_Read.o
 .data          0x20000041        0x0 Object/syscalls.o
 *fill*         0x20000041        0x3 
 .data          0x20000044        0x4 Object/system_stm32f10x.o
                0x20000044                SystemCoreClock
 .data          0x20000048        0x0 Object/lcd.o
 .data          0x20000048        0x0 Object/rc522.o
 .data          0x20000048        0x2 Object/servo.o
                0x20000048                servo_duty
 .data          0x2000004a        0x0 Object/Systick.o
 .data          0x2000004a        0x0 Object/usbttl.o
 .data          0x2000004a        0x0 Object/startup_stm32f103c8tx.o
 .data          0x2000004a        0x0 D:/arm-gnu-toolchain/arm-gnu-toolchain_/bin/../lib/gcc/arm-none-eabi/13.3.1/thumb/v7-m/nofp\libg_nano.a(libc_a-malloc.o)
 .data          0x2000004a        0x0 D:/arm-gnu-toolchain/arm-gnu-toolchain_/bin/../lib/gcc/arm-none-eabi/13.3.1/thumb/v7-m/nofp\libg_nano.a(libc_a-mallocr.o)
 .data          0x2000004a        0x0 D:/arm-gnu-toolchain/arm-gnu-toolchain_/bin/../lib/gcc/arm-none-eabi/13.3.1/thumb/v7-m/nofp\libg_nano.a(libc_a-mlock.o)
 .data          0x2000004a        0x0 D:/arm-gnu-toolchain/arm-gnu-toolchain_/bin/../lib/gcc/arm-none-eabi/13.3.1/thumb/v7-m/nofp\libg_nano.a(libc_a-realloc.o)
 .data          0x2000004a        0x0 D:/arm-gnu-toolchain/arm-gnu-toolchain_/bin/../lib/gcc/arm-none-eabi/13.3.1/thumb/v7-m/nofp\libg_nano.a(libc_a-reallocr.o)
 .data          0x2000004a        0x0 D:/arm-gnu-toolchain/arm-gnu-toolchain_/bin/../lib/gcc/arm-none-eabi/13.3.1/thumb/v7-m/nofp\libg_nano.a(libc_a-fclose.o)
 .data          0x2000004a        0x0 D:/arm-gnu-toolchain/arm-gnu-toolchain_/bin/../lib/gcc/arm-none-eabi/13.3.1/thumb/v7-m/nofp\libg_nano.a(libc_a-fflush.o)
 .data          0x2000004a        0x0 D:/arm-gnu-toolchain/arm-gnu-toolchain_/bin/../lib/gcc/arm-none-eabi/13.3.1/thumb/v7-m/nofp\libg_nano.a(libc_a-fgets.o)
 .data          0x2000004a        0x0 D:/arm-gnu-toolchain/arm-gnu-toolchain_/bin/../lib/gcc/arm-none-eabi/13.3.1/thumb/v7-m/nofp\libg_nano.a(libc_a-findfp.o)
 *fill*         0x2000004a        0x2 
 .data.__sglue  0x2000004c        0xc D:/arm-gnu-toolchain/arm-gnu-toolchain_/bin/../lib/gcc/arm-none-eabi/13.3.1/thumb/v7-m/nofp\libg_nano.a(libc_a-findfp.o)
                0x2000004c                __sglue
 .data          0x20000058        0x0 D:/arm-gnu-toolchain/arm-gnu-toolchain_/bin/../lib/gcc/arm-none-eabi/13.3.1/thumb/v7-m/nofp\libg_nano.a(libc_a-fopen.o)
 .data          0x20000058        0x0 D:/arm-gnu-toolchain/arm-gnu-toolchain_/bin/../lib/gcc/arm-none-eabi/13.3.1/thumb/v7-m/nofp\libg_nano.a(libc_a-fseek.o)
 .data          0x20000058        0x0 D:/arm-gnu-toolchain/arm-gnu-toolchain_/bin/../lib/gcc/arm-none-eabi/13.3.1/thumb/v7-m/nofp\libg_nano.a(libc_a-fwalk.o)
 .data          0x20000058        0x0 D:/arm-gnu-toolchain/arm-gnu-toolchain_/bin/../lib/gcc/arm-none-eabi/13.3.1/thumb/v7-m/nofp\libg_nano.a(libc_a-fwrite.o)
 .data          0x20000058        0x0 D:/arm-gnu-toolchain/arm-gnu-toolchain_/bin/../lib/gcc/arm-none-eabi/13.3.1/thumb/v7-m/nofp\libg_nano.a(libc_a-refill.o)
 .data          0x20000058        0x0 D:/arm-gnu-toolchain/arm-gnu-toolchain_/bin/../lib/gcc/arm-none-eabi/13.3.1/thumb/v7-m/nofp\libg_nano.a(libc_a-sprintf.o)
 .data          0x20000058        0x0 D:/arm-gnu-toolchain/arm-gnu-toolchain_/bin/../lib/gcc/arm-none-eabi/13.3.1/thumb/v7-m/nofp\libg_nano.a(libc_a-stdio.o)
 .data          0x20000058        0x0 D:/arm-gnu-toolchain/arm-gnu-toolchain_/bin/../lib/gcc/arm-none-eabi/13.3.1/thumb/v7-m/nofp\libg_nano.a(libc_a-wbuf.o)
 .data          0x20000058        0x0 D:/arm-gnu-toolchain/arm-gnu-toolchain_/bin/../lib/gcc/arm-none-eabi/13.3.1/thumb/v7-m/nofp\libg_nano.a(libc_a-wsetup.o)
 .data          0x20000058        0x0 D:/arm-gnu-toolchain/arm-gnu-toolchain_/bin/../lib/gcc/arm-none-eabi/13.3.1/thumb/v7-m/nofp\libg_nano.a(libc_a-fseeko.o)
 .data          0x20000058        0x0 D:/arm-gnu-toolchain/arm-gnu-toolchain_/bin/../lib/gcc/arm-none-eabi/13.3.1/thumb/v7-m/nofp\libg_nano.a(libc_a-memset.o)
 .data          0x20000058        0x0 D:/arm-gnu-toolchain/arm-gnu-toolchain_/bin/../lib/gcc/arm-none-eabi/13.3.1/thumb/v7-m/nofp\libg_nano.a(libc_a-strtok.o)
 .data          0x20000058        0x0 D:/arm-gnu-toolchain/arm-gnu-toolchain_/bin/../lib/gcc/arm-none-eabi/13.3.1/thumb/v7-m/nofp\libg_nano.a(libc_a-strtok_r.o)
 .data          0x20000058        0x0 D:/arm-gnu-toolchain/arm-gnu-toolchain_/bin/../lib/gcc/arm-none-eabi/13.3.1/thumb/v7-m/nofp\libg_nano.a(libc_a-closer.o)
 .data          0x20000058        0x0 D:/arm-gnu-toolchain/arm-gnu-toolchain_/bin/../lib/gcc/arm-none-eabi/13.3.1/thumb/v7-m/nofp\libg_nano.a(libc_a-reent.o)
 .data          0x20000058        0x0 D:/arm-gnu-toolchain/arm-gnu-toolchain_/bin/../lib/gcc/arm-none-eabi/13.3.1/thumb/v7-m/nofp\libg_nano.a(libc_a-impure.o)
 .data._impure_ptr
                0x20000058        0x4 D:/arm-gnu-toolchain/arm-gnu-toolchain_/bin/../lib/gcc/arm-none-eabi/13.3.1/thumb/v7-m/nofp\libg_nano.a(libc_a-impure.o)
                0x20000058                _impure_ptr
 .data._impure_data
                0x2000005c       0x4c D:/arm-gnu-toolchain/arm-gnu-toolchain_/bin/../lib/gcc/arm-none-eabi/13.3.1/thumb/v7-m/nofp\libg_nano.a(libc_a-impure.o)
                0x2000005c                _impure_data
 .data          0x200000a8        0x0 D:/arm-gnu-toolchain/arm-gnu-toolchain_/bin/../lib/gcc/arm-none-eabi/13.3.1/thumb/v7-m/nofp\libg_nano.a(libc_a-lseekr.o)
 .data          0x200000a8        0x0 D:/arm-gnu-toolchain/arm-gnu-toolchain_/bin/../lib/gcc/arm-none-eabi/13.3.1/thumb/v7-m/nofp\libg_nano.a(libc_a-openr.o)
 .data          0x200000a8        0x0 D:/arm-gnu-toolchain/arm-gnu-toolchain_/bin/../lib/gcc/arm-none-eabi/13.3.1/thumb/v7-m/nofp\libg_nano.a(libc_a-readr.o)
 .data          0x200000a8        0x0 D:/arm-gnu-toolchain/arm-gnu-toolchain_/bin/../lib/gcc/arm-none-eabi/13.3.1/thumb/v7-m/nofp\libg_nano.a(libc_a-sbrkr.o)
 .data          0x200000a8        0x0 D:/arm-gnu-toolchain/arm-gnu-toolchain_/bin/../lib/gcc/arm-none-eabi/13.3.1/thumb/v7-m/nofp\libg_nano.a(libc_a-writer.o)
 .data          0x200000a8        0x0 D:/arm-gnu-toolchain/arm-gnu-toolchain_/bin/../lib/gcc/arm-none-eabi/13.3.1/thumb/v7-m/nofp\libg_nano.a(libc_a-errno.o)
 .data          0x200000a8        0x0 D:/arm-gnu-toolchain/arm-gnu-toolchain_/bin/../lib/gcc/arm-none-eabi/13.3.1/thumb/v7-m/nofp\libg_nano.a(libc_a-init.o)
 .data          0x200000a8        0x0 D:/arm-gnu-toolchain/arm-gnu-toolchain_/bin/../lib/gcc/arm-none-eabi/13.3.1/thumb/v7-m/nofp\libg_nano.a(libc_a-lock.o)
 .data          0x200000a8        0x0 D:/arm-gnu-toolchain/arm-gnu-toolchain_/bin/../lib/gcc/arm-none-eabi/13.3.1/thumb/v7-m/nofp\libg_nano.a(libc_a-strcmp.o)
 .data          0x200000a8        0x0 D:/arm-gnu-toolchain/arm-gnu-toolchain_/bin/../lib/gcc/arm-none-eabi/13.3.1/thumb/v7-m/nofp\libg_nano.a(libc_a-strcpy.o)
 .data          0x200000a8        0x0 D:/arm-gnu-toolchain/arm-gnu-toolchain_/bin/../lib/gcc/arm-none-eabi/13.3.1/thumb/v7-m/nofp\libg_nano.a(libc_a-memchr-stub.o)
 .data          0x200000a8        0x0 D:/arm-gnu-toolchain/arm-gnu-toolchain_/bin/../lib/gcc/arm-none-eabi/13.3.1/thumb/v7-m/nofp\libg_nano.a(libc_a-memcpy-stub.o)
 .data          0x200000a8        0x0 D:/arm-gnu-toolchain/arm-gnu-toolchain_/bin/../lib/gcc/arm-none-eabi/13.3.1/thumb/v7-m/nofp\libg_nano.a(libc_a-strlen.o)
 .data          0x200000a8        0x0 D:/arm-gnu-toolchain/arm-gnu-toolchain_/bin/../lib/gcc/arm-none-eabi/13.3.1/thumb/v7-m/nofp\libg_nano.a(libc_a-assert.o)
 .data          0x200000a8        0x0 D:/arm-gnu-toolchain/arm-gnu-toolchain_/bin/../lib/gcc/arm-none-eabi/13.3.1/thumb/v7-m/nofp\libg_nano.a(libc_a-freer.o)
 .data          0x200000a8        0x0 D:/arm-gnu-toolchain/arm-gnu-toolchain_/bin/../lib/gcc/arm-none-eabi/13.3.1/thumb/v7-m/nofp\libg_nano.a(libc_a-msizer.o)
 .data          0x200000a8        0x0 D:/arm-gnu-toolchain/arm-gnu-toolchain_/bin/../lib/gcc/arm-none-eabi/13.3.1/thumb/v7-m/nofp\libg_nano.a(libc_a-nano-svfprintf.o)
 .data          0x200000a8        0x0 D:/arm-gnu-toolchain/arm-gnu-toolchain_/bin/../lib/gcc/arm-none-eabi/13.3.1/thumb/v7-m/nofp\libg_nano.a(libc_a-nano-vfprintf_i.o)
 .data          0x200000a8        0x0 D:/arm-gnu-toolchain/arm-gnu-toolchain_/bin/../lib/gcc/arm-none-eabi/13.3.1/thumb/v7-m/nofp\libg_nano.a(libc_a-flags.o)
 .data          0x200000a8        0x0 D:/arm-gnu-toolchain/arm-gnu-toolchain_/bin/../lib/gcc/arm-none-eabi/13.3.1/thumb/v7-m/nofp\libg_nano.a(libc_a-fprintf.o)
 .data          0x200000a8        0x0 D:/arm-gnu-toolchain/arm-gnu-toolchain_/bin/../lib/gcc/arm-none-eabi/13.3.1/thumb/v7-m/nofp\libg_nano.a(libc_a-makebuf.o)
 .data          0x200000a8        0x0 D:/arm-gnu-toolchain/arm-gnu-toolchain_/bin/../lib/gcc/arm-none-eabi/13.3.1/thumb/v7-m/nofp\libg_nano.a(libc_a-memmove.o)
 .data          0x200000a8        0x0 D:/arm-gnu-toolchain/arm-gnu-toolchain_/bin/../lib/gcc/arm-none-eabi/13.3.1/thumb/v7-m/nofp\libg_nano.a(libc_a-fstatr.o)
 .data          0x200000a8        0x0 D:/arm-gnu-toolchain/arm-gnu-toolchain_/bin/../lib/gcc/arm-none-eabi/13.3.1/thumb/v7-m/nofp\libg_nano.a(libc_a-isattyr.o)
 .data          0x200000a8        0x0 D:/arm-gnu-toolchain/arm-gnu-toolchain_/bin/../lib/gcc/arm-none-eabi/13.3.1/thumb/v7-m/nofp\libg_nano.a(libc_a-abort.o)
 .data          0x200000a8        0x0 D:/arm-gnu-toolchain/arm-gnu-toolchain_/bin/../lib/gcc/arm-none-eabi/13.3.1/thumb/v7-m/nofp\libg_nano.a(libc_a-nano-vfprintf.o)
 .data          0x200000a8        0x0 D:/arm-gnu-toolchain/arm-gnu-toolchain_/bin/../lib/gcc/arm-none-eabi/13.3.1/thumb/v7-m/nofp\libg_nano.a(libc_a-fvwrite.o)
 .data          0x200000a8        0x0 D:/arm-gnu-toolchain/arm-gnu-toolchain_/bin/../lib/gcc/arm-none-eabi/13.3.1/thumb/v7-m/nofp\libg_nano.a(libc_a-signal.o)
 .data          0x200000a8        0x0 D:/arm-gnu-toolchain/arm-gnu-toolchain_/bin/../lib/gcc/arm-none-eabi/13.3.1/thumb/v7-m/nofp\libg_nano.a(libc_a-signalr.o)
                0x200000a8                        _edata = .

.igot.plt       0x200000a8        0x0 load address 0x0800c734
 .igot.plt      0x200000a8        0x0 Object/stm32f10x_adc.o

.bss            0x200000a8      0x23c load address 0x0800c734
                0x200000a8                        _sbss = .
 *(.bss*)
 .bss           0x200000a8        0x0 Object/misc.o
 .bss           0x200000a8        0x0 Object/stm32f10x_adc.o
 .bss           0x200000a8        0x0 Object/stm32f10x_can.o
 .bss           0x200000a8        0x0 Object/stm32f10x_dma.o
 .bss           0x200000a8        0x0 Object/stm32f10x_exti.o
 .bss           0x200000a8        0x0 Object/stm32f10x_flash.o
 .bss           0x200000a8        0x0 Object/stm32f10x_gpio.o
 .bss           0x200000a8        0x0 Object/stm32f10x_i2c.o
 .bss           0x200000a8        0x0 Object/stm32f10x_pwr.o
 .bss           0x200000a8        0x0 Object/stm32f10x_rcc.o
 .bss           0x200000a8        0x0 Object/stm32f10x_sdio.o
 .bss           0x200000a8        0x0 Object/stm32f10x_spi.o
 .bss           0x200000a8        0x0 Object/stm32f10x_tim.o
 .bss           0x200000a8        0x0 Object/stm32f10x_usart.o
 .bss           0x200000a8        0x0 Object/stm32f1_spl_i2c.o
 .bss           0x200000a8        0x0 Object/stm32f1_spl_spi.o
 .bss           0x200000a8        0x0 Object/stm32f1_spl_usart.o
 .bss           0x200000a8        0x0 Object/ClkCfg.o
 .bss           0x200000a8        0x9 Object/control_output.o
                0x200000a8                wait_time
                0x200000ac                servo_updateTime
 *fill*         0x200000b1        0x3 
 .bss           0x200000b4        0xc Object/display.o
                0x200000b4                ModeStatusCfg
 .bss           0x200000c0        0x0 Object/main.o
 .bss           0x200000c0       0x3c Object/RFID_Scan.o
                0x200000c0                RfidUserData_Index
                0x200000c4                buff
                0x200000c8                tagtype
                0x200000cc                id
                0x200000d0                uid
                0x200000d4                block_address
                0x200000e4                size
                0x200000e8                read_buff
 .bss           0x200000fc        0x8 Object/SdCard_Read.o
                0x200000fc                count
                0x20000100                list_RfidUserData
 .bss           0x20000104        0x4 Object/syscalls.o
 .bss           0x20000108        0x0 Object/system_stm32f10x.o
 .bss           0x20000108        0x0 Object/lcd.o
 .bss           0x20000108       0x1c Object/rc522.o
                0x20000108                pass
                0x2000010c                rc522_spiInit
 .bss           0x20000124        0x1 Object/servo.o
                0x20000124                angle
 *fill*         0x20000125        0x3 
 .bss           0x20000128        0x8 Object/Systick.o
                0x20000128                uwtick
                0x2000012c                Timer1
                0x2000012e                Timer2
 .bss           0x20000130       0x64 Object/usbttl.o
                0x20000130                usart_usbttlInit
 .bss           0x20000194        0x0 Object/startup_stm32f103c8tx.o
 .bss           0x20000194        0x0 D:/arm-gnu-toolchain/arm-gnu-toolchain_/bin/../lib/gcc/arm-none-eabi/13.3.1/thumb/v7-m/nofp\libg_nano.a(libc_a-malloc.o)
 .bss           0x20000194        0x0 D:/arm-gnu-toolchain/arm-gnu-toolchain_/bin/../lib/gcc/arm-none-eabi/13.3.1/thumb/v7-m/nofp\libg_nano.a(libc_a-mallocr.o)
 .bss.__malloc_sbrk_start
                0x20000194        0x4 D:/arm-gnu-toolchain/arm-gnu-toolchain_/bin/../lib/gcc/arm-none-eabi/13.3.1/thumb/v7-m/nofp\libg_nano.a(libc_a-mallocr.o)
                0x20000194                __malloc_sbrk_start
 .bss.__malloc_free_list
                0x20000198        0x4 D:/arm-gnu-toolchain/arm-gnu-toolchain_/bin/../lib/gcc/arm-none-eabi/13.3.1/thumb/v7-m/nofp\libg_nano.a(libc_a-mallocr.o)
                0x20000198                __malloc_free_list
 .bss           0x2000019c        0x0 D:/arm-gnu-toolchain/arm-gnu-toolchain_/bin/../lib/gcc/arm-none-eabi/13.3.1/thumb/v7-m/nofp\libg_nano.a(libc_a-mlock.o)
 .bss           0x2000019c        0x0 D:/arm-gnu-toolchain/arm-gnu-toolchain_/bin/../lib/gcc/arm-none-eabi/13.3.1/thumb/v7-m/nofp\libg_nano.a(libc_a-realloc.o)
 .bss           0x2000019c        0x0 D:/arm-gnu-toolchain/arm-gnu-toolchain_/bin/../lib/gcc/arm-none-eabi/13.3.1/thumb/v7-m/nofp\libg_nano.a(libc_a-reallocr.o)
 .bss           0x2000019c        0x0 D:/arm-gnu-toolchain/arm-gnu-toolchain_/bin/../lib/gcc/arm-none-eabi/13.3.1/thumb/v7-m/nofp\libg_nano.a(libc_a-fclose.o)
 .bss           0x2000019c        0x0 D:/arm-gnu-toolchain/arm-gnu-toolchain_/bin/../lib/gcc/arm-none-eabi/13.3.1/thumb/v7-m/nofp\libg_nano.a(libc_a-fflush.o)
 .bss           0x2000019c        0x0 D:/arm-gnu-toolchain/arm-gnu-toolchain_/bin/../lib/gcc/arm-none-eabi/13.3.1/thumb/v7-m/nofp\libg_nano.a(libc_a-fgets.o)
 .bss           0x2000019c        0x0 D:/arm-gnu-toolchain/arm-gnu-toolchain_/bin/../lib/gcc/arm-none-eabi/13.3.1/thumb/v7-m/nofp\libg_nano.a(libc_a-findfp.o)
 .bss.__sf      0x2000019c      0x138 D:/arm-gnu-toolchain/arm-gnu-toolchain_/bin/../lib/gcc/arm-none-eabi/13.3.1/thumb/v7-m/nofp\libg_nano.a(libc_a-findfp.o)
                0x2000019c                __sf
 .bss.__stdio_exit_handler
                0x200002d4        0x4 D:/arm-gnu-toolchain/arm-gnu-toolchain_/bin/../lib/gcc/arm-none-eabi/13.3.1/thumb/v7-m/nofp\libg_nano.a(libc_a-findfp.o)
                0x200002d4                __stdio_exit_handler
 .bss           0x200002d8        0x0 D:/arm-gnu-toolchain/arm-gnu-toolchain_/bin/../lib/gcc/arm-none-eabi/13.3.1/thumb/v7-m/nofp\libg_nano.a(libc_a-fopen.o)
 .bss           0x200002d8        0x0 D:/arm-gnu-toolchain/arm-gnu-toolchain_/bin/../lib/gcc/arm-none-eabi/13.3.1/thumb/v7-m/nofp\libg_nano.a(libc_a-fseek.o)
 .bss           0x200002d8        0x0 D:/arm-gnu-toolchain/arm-gnu-toolchain_/bin/../lib/gcc/arm-none-eabi/13.3.1/thumb/v7-m/nofp\libg_nano.a(libc_a-fwalk.o)
 .bss           0x200002d8        0x0 D:/arm-gnu-toolchain/arm-gnu-toolchain_/bin/../lib/gcc/arm-none-eabi/13.3.1/thumb/v7-m/nofp\libg_nano.a(libc_a-fwrite.o)
 .bss           0x200002d8        0x0 D:/arm-gnu-toolchain/arm-gnu-toolchain_/bin/../lib/gcc/arm-none-eabi/13.3.1/thumb/v7-m/nofp\libg_nano.a(libc_a-refill.o)
 .bss           0x200002d8        0x0 D:/arm-gnu-toolchain/arm-gnu-toolchain_/bin/../lib/gcc/arm-none-eabi/13.3.1/thumb/v7-m/nofp\libg_nano.a(libc_a-sprintf.o)
 .bss           0x200002d8        0x0 D:/arm-gnu-toolchain/arm-gnu-toolchain_/bin/../lib/gcc/arm-none-eabi/13.3.1/thumb/v7-m/nofp\libg_nano.a(libc_a-stdio.o)
 .bss           0x200002d8        0x0 D:/arm-gnu-toolchain/arm-gnu-toolchain_/bin/../lib/gcc/arm-none-eabi/13.3.1/thumb/v7-m/nofp\libg_nano.a(libc_a-wbuf.o)
 .bss           0x200002d8        0x0 D:/arm-gnu-toolchain/arm-gnu-toolchain_/bin/../lib/gcc/arm-none-eabi/13.3.1/thumb/v7-m/nofp\libg_nano.a(libc_a-wsetup.o)
 .bss           0x200002d8        0x0 D:/arm-gnu-toolchain/arm-gnu-toolchain_/bin/../lib/gcc/arm-none-eabi/13.3.1/thumb/v7-m/nofp\libg_nano.a(libc_a-fseeko.o)
 .bss           0x200002d8        0x0 D:/arm-gnu-toolchain/arm-gnu-toolchain_/bin/../lib/gcc/arm-none-eabi/13.3.1/thumb/v7-m/nofp\libg_nano.a(libc_a-memset.o)
 .bss           0x200002d8        0x0 D:/arm-gnu-toolchain/arm-gnu-toolchain_/bin/../lib/gcc/arm-none-eabi/13.3.1/thumb/v7-m/nofp\libg_nano.a(libc_a-strtok.o)
 .bss           0x200002d8        0x0 D:/arm-gnu-toolchain/arm-gnu-toolchain_/bin/../lib/gcc/arm-none-eabi/13.3.1/thumb/v7-m/nofp\libg_nano.a(libc_a-strtok_r.o)
 .bss           0x200002d8        0x0 D:/arm-gnu-toolchain/arm-gnu-toolchain_/bin/../lib/gcc/arm-none-eabi/13.3.1/thumb/v7-m/nofp\libg_nano.a(libc_a-closer.o)
 .bss           0x200002d8        0x0 D:/arm-gnu-toolchain/arm-gnu-toolchain_/bin/../lib/gcc/arm-none-eabi/13.3.1/thumb/v7-m/nofp\libg_nano.a(libc_a-reent.o)
 .bss.errno     0x200002d8        0x4 D:/arm-gnu-toolchain/arm-gnu-toolchain_/bin/../lib/gcc/arm-none-eabi/13.3.1/thumb/v7-m/nofp\libg_nano.a(libc_a-reent.o)
                0x200002d8                errno
 .bss           0x200002dc        0x0 D:/arm-gnu-toolchain/arm-gnu-toolchain_/bin/../lib/gcc/arm-none-eabi/13.3.1/thumb/v7-m/nofp\libg_nano.a(libc_a-impure.o)
 .bss           0x200002dc        0x0 D:/arm-gnu-toolchain/arm-gnu-toolchain_/bin/../lib/gcc/arm-none-eabi/13.3.1/thumb/v7-m/nofp\libg_nano.a(libc_a-lseekr.o)
 .bss           0x200002dc        0x0 D:/arm-gnu-toolchain/arm-gnu-toolchain_/bin/../lib/gcc/arm-none-eabi/13.3.1/thumb/v7-m/nofp\libg_nano.a(libc_a-openr.o)
 .bss           0x200002dc        0x0 D:/arm-gnu-toolchain/arm-gnu-toolchain_/bin/../lib/gcc/arm-none-eabi/13.3.1/thumb/v7-m/nofp\libg_nano.a(libc_a-readr.o)
 .bss           0x200002dc        0x0 D:/arm-gnu-toolchain/arm-gnu-toolchain_/bin/../lib/gcc/arm-none-eabi/13.3.1/thumb/v7-m/nofp\libg_nano.a(libc_a-sbrkr.o)
 .bss           0x200002dc        0x0 D:/arm-gnu-toolchain/arm-gnu-toolchain_/bin/../lib/gcc/arm-none-eabi/13.3.1/thumb/v7-m/nofp\libg_nano.a(libc_a-writer.o)
 .bss           0x200002dc        0x0 D:/arm-gnu-toolchain/arm-gnu-toolchain_/bin/../lib/gcc/arm-none-eabi/13.3.1/thumb/v7-m/nofp\libg_nano.a(libc_a-errno.o)
 .bss           0x200002dc        0x0 D:/arm-gnu-toolchain/arm-gnu-toolchain_/bin/../lib/gcc/arm-none-eabi/13.3.1/thumb/v7-m/nofp\libg_nano.a(libc_a-init.o)
 .bss           0x200002dc        0x0 D:/arm-gnu-toolchain/arm-gnu-toolchain_/bin/../lib/gcc/arm-none-eabi/13.3.1/thumb/v7-m/nofp\libg_nano.a(libc_a-lock.o)
 .bss.__lock___arc4random_mutex
                0x200002dc        0x1 D:/arm-gnu-toolchain/arm-gnu-toolchain_/bin/../lib/gcc/arm-none-eabi/13.3.1/thumb/v7-m/nofp\libg_nano.a(libc_a-lock.o)
                0x200002dc                __lock___arc4random_mutex
 .bss.__lock___dd_hash_mutex
                0x200002dd        0x1 D:/arm-gnu-toolchain/arm-gnu-toolchain_/bin/../lib/gcc/arm-none-eabi/13.3.1/thumb/v7-m/nofp\libg_nano.a(libc_a-lock.o)
                0x200002dd                __lock___dd_hash_mutex
 .bss.__lock___tz_mutex
                0x200002de        0x1 D:/arm-gnu-toolchain/arm-gnu-toolchain_/bin/../lib/gcc/arm-none-eabi/13.3.1/thumb/v7-m/nofp\libg_nano.a(libc_a-lock.o)
                0x200002de                __lock___tz_mutex
 .bss.__lock___env_recursive_mutex
                0x200002df        0x1 D:/arm-gnu-toolchain/arm-gnu-toolchain_/bin/../lib/gcc/arm-none-eabi/13.3.1/thumb/v7-m/nofp\libg_nano.a(libc_a-lock.o)
                0x200002df                __lock___env_recursive_mutex
 .bss.__lock___malloc_recursive_mutex
                0x200002e0        0x1 D:/arm-gnu-toolchain/arm-gnu-toolchain_/bin/../lib/gcc/arm-none-eabi/13.3.1/thumb/v7-m/nofp\libg_nano.a(libc_a-lock.o)
                0x200002e0                __lock___malloc_recursive_mutex
 .bss.__lock___at_quick_exit_mutex
                0x200002e1        0x1 D:/arm-gnu-toolchain/arm-gnu-toolchain_/bin/../lib/gcc/arm-none-eabi/13.3.1/thumb/v7-m/nofp\libg_nano.a(libc_a-lock.o)
                0x200002e1                __lock___at_quick_exit_mutex
 .bss.__lock___atexit_recursive_mutex
                0x200002e2        0x1 D:/arm-gnu-toolchain/arm-gnu-toolchain_/bin/../lib/gcc/arm-none-eabi/13.3.1/thumb/v7-m/nofp\libg_nano.a(libc_a-lock.o)
                0x200002e2                __lock___atexit_recursive_mutex
 .bss.__lock___sfp_recursive_mutex
                0x200002e3        0x1 D:/arm-gnu-toolchain/arm-gnu-toolchain_/bin/../lib/gcc/arm-none-eabi/13.3.1/thumb/v7-m/nofp\libg_nano.a(libc_a-lock.o)
                0x200002e3                __lock___sfp_recursive_mutex
 .bss           0x200002e4        0x0 D:/arm-gnu-toolchain/arm-gnu-toolchain_/bin/../lib/gcc/arm-none-eabi/13.3.1/thumb/v7-m/nofp\libg_nano.a(libc_a-strcmp.o)
 .bss           0x200002e4        0x0 D:/arm-gnu-toolchain/arm-gnu-toolchain_/bin/../lib/gcc/arm-none-eabi/13.3.1/thumb/v7-m/nofp\libg_nano.a(libc_a-strcpy.o)
 .bss           0x200002e4        0x0 D:/arm-gnu-toolchain/arm-gnu-toolchain_/bin/../lib/gcc/arm-none-eabi/13.3.1/thumb/v7-m/nofp\libg_nano.a(libc_a-memchr-stub.o)